Feb 21 17:09:37 localhost kernel: imklog 4.6.2, log source = /proc/kmsg started.
Feb 21 17:09:37 localhost rsyslogd: [origin software="rsyslogd" swVersion="4.6.2" x-pid="1063" x-info="http://www.rsyslog.com"] (re)start
Feb 21 17:09:37 localhost kernel: Initializing cgroup subsys cpuset
Feb 21 17:09:37 localhost kernel: Initializing cgroup subsys cpu
Feb 21 17:09:37 localhost kernel: Linux version 2.6.32-220.el6.x86_64 (mockbuild@c6b18n3.bsys.dev.centos.org) (gcc version 4.4.6 20110731 (Red Hat 4.4.6-3) (GCC) ) #1 SMP Tue Dec 6 19:48:22 GMT 2011
Feb 21 17:09:37 localhost kernel: Command line: ro root=/dev/mapper/VolGroup-lv_root nomodeset rd_NO_LUKS LANG=en_US.UTF-8 rd_NO_MD rd_LVM_LV=VolGroup/lv_swap SYSFONT=latarcyrheb-sun16 rhgb crashkernel=auto quiet rd_LVM_LV=VolGroup/lv_root  KEYBOARDTYPE=pc KEYTABLE=us rd_NO_DM
Feb 21 17:09:37 localhost kernel: KERNEL supported cpus:
Feb 21 17:09:37 localhost kernel:  Intel GenuineIntel
Feb 21 17:09:37 localhost kernel:  AMD AuthenticAMD
Feb 21 17:09:37 localhost kernel:  Centaur CentaurHauls
Feb 21 17:09:37 localhost kernel: BIOS-provided physical RAM map:
Feb 21 17:09:37 localhost kernel: BIOS-e820: 0000000000000000 - 00000000000a0000 (usable)
Feb 21 17:09:37 localhost kernel: BIOS-e820: 0000000000100000 - 00000000cf379000 (usable)
Feb 21 17:09:37 localhost kernel: BIOS-e820: 00000000cf379000 - 00000000cf38f000 (reserved)
Feb 21 17:09:37 localhost kernel: BIOS-e820: 00000000cf38f000 - 00000000cf3ce000 (ACPI data)
Feb 21 17:09:37 localhost kernel: BIOS-e820: 00000000cf3ce000 - 00000000d0000000 (reserved)
Feb 21 17:09:37 localhost kernel: BIOS-e820: 00000000e0000000 - 00000000f0000000 (reserved)
Feb 21 17:09:37 localhost kernel: BIOS-e820: 00000000fe000000 - 0000000100000000 (reserved)
Feb 21 17:09:37 localhost kernel: BIOS-e820: 0000000100000000 - 0000000130000000 (usable)
Feb 21 17:09:37 localhost kernel: DMI 2.6 present.
Feb 21 17:09:37 localhost kernel: SMBIOS version 2.6 @ 0xFCAC0
Feb 21 17:09:37 localhost kernel: last_pfn = 0x130000 max_arch_pfn = 0x400000000
Feb 21 17:09:37 localhost kernel: x86 PAT enabled: cpu 0, old 0x7040600070406, new 0x7010600070106
Feb 21 17:09:37 localhost kernel: last_pfn = 0xcf379 max_arch_pfn = 0x400000000
Feb 21 17:09:37 localhost kernel: init_memory_mapping: 0000000000000000-00000000cf379000
Feb 21 17:09:37 localhost kernel: init_memory_mapping: 0000000100000000-0000000130000000
Feb 21 17:09:37 localhost kernel: RAMDISK: 37216000 - 37fef78d
Feb 21 17:09:37 localhost kernel: ACPI: RSDP 00000000000f1090 00024 (v02 DELL  )
Feb 21 17:09:37 localhost kernel: ACPI: XSDT 00000000000f1194 0009C (v01 DELL   PE_SC3   00000001 DELL 00000001)
Feb 21 17:09:37 localhost kernel: ACPI: FACP 00000000cf3b3f9c 000F4 (v03 DELL   PE_SC3   00000001 DELL 00000001)
Feb 21 17:09:37 localhost kernel: ACPI: DSDT 00000000cf38f000 03B51 (v01 DELL   PE_SC3   00000001 INTL 20050624)
Feb 21 17:09:37 localhost kernel: ACPI: FACS 00000000cf3b6000 00040
Feb 21 17:09:37 localhost kernel: ACPI: APIC 00000000cf3b3478 0015E (v01 DELL   PE_SC3   00000001 DELL 00000001)
Feb 21 17:09:37 localhost kernel: ACPI: SPCR 00000000cf3b35d8 00050 (v01 DELL   PE_SC3   00000001 DELL 00000001)
Feb 21 17:09:37 localhost kernel: ACPI: HPET 00000000cf3b362c 00038 (v01 DELL   PE_SC3   00000001 DELL 00000001)
Feb 21 17:09:37 localhost kernel: ACPI: DMAR 00000000cf3b3668 001D0 (v01 DELL   PE_SC3   00000001 DELL 00000001)
Feb 21 17:09:37 localhost kernel: ACPI: MCFG 00000000cf3b38c4 0003C (v01 DELL   PE_SC3   00000001 DELL 00000001)
Feb 21 17:09:37 localhost kernel: ACPI: WD__ 00000000cf3b3904 00134 (v01 DELL   PE_SC3   00000001 DELL 00000001)
Feb 21 17:09:37 localhost kernel: ACPI: SLIC 00000000cf3b3a3c 00024 (v01 DELL   PE_SC3   00000001 DELL 00000001)
Feb 21 17:09:37 localhost kernel: ACPI: ERST 00000000cf392cd4 00270 (v01 DELL   PE_SC3   00000001 DELL 00000001)
Feb 21 17:09:37 localhost kernel: ACPI: HEST 00000000cf392f44 003A8 (v01 DELL   PE_SC3   00000001 DELL 00000001)
Feb 21 17:09:37 localhost kernel: ACPI: BERT 00000000cf392b54 00030 (v01 DELL   PE_SC3   00000001 DELL 00000001)
Feb 21 17:09:37 localhost kernel: ACPI: EINJ 00000000cf392b84 00150 (v01 DELL   PE_SC3   00000001 DELL 00000001)
Feb 21 17:09:37 localhost kernel: ACPI: SRAT 00000000cf3b3bc0 00370 (v01 DELL   PE_SC3   00000001 DELL 00000001)
Feb 21 17:09:37 localhost kernel: ACPI: TCPA 00000000cf3b3f34 00064 (v02 DELL   PE_SC3   00000001 DELL 00000001)
Feb 21 17:09:37 localhost kernel: ACPI: SSDT 00000000cf3b7000 00F8C (v01  INTEL PPM RCM  80000001 INTL 20061109)
Feb 21 17:09:37 localhost kernel: SRAT: PXM 1 -> APIC 16 -> Node 0
Feb 21 17:09:37 localhost kernel: SRAT: PXM 1 -> APIC 18 -> Node 0
Feb 21 17:09:37 localhost kernel: SRAT: PXM 1 -> APIC 20 -> Node 0
Feb 21 17:09:37 localhost kernel: SRAT: PXM 1 -> APIC 22 -> Node 0
Feb 21 17:09:37 localhost kernel: SRAT: Node 0 PXM 1 0-d0000000
Feb 21 17:09:37 localhost kernel: SRAT: Node 0 PXM 1 100000000-130000000
Feb 21 17:09:37 localhost kernel: Bootmem setup node 0 0000000000000000-0000000130000000
Feb 21 17:09:37 localhost kernel:  NODE_DATA [000000000000d000 - 0000000000040fff]
Feb 21 17:09:37 localhost kernel:  bootmap [0000000000041000 -  0000000000066fff] pages 26
Feb 21 17:09:37 localhost kernel: (8 early reservations) ==> bootmem [0000000000 - 0130000000]
Feb 21 17:09:37 localhost kernel:  #0 [0000000000 - 0000001000]   BIOS data page ==> [0000000000 - 0000001000]
Feb 21 17:09:37 localhost kernel:  #1 [0000006000 - 0000008000]       TRAMPOLINE ==> [0000006000 - 0000008000]
Feb 21 17:09:37 localhost kernel:  #2 [0001000000 - 000200c7e4]    TEXT DATA BSS ==> [0001000000 - 000200c7e4]
Feb 21 17:09:37 localhost kernel:  #3 [0037216000 - 0037fef78d]          RAMDISK ==> [0037216000 - 0037fef78d]
Feb 21 17:09:37 localhost kernel:  #4 [0000099800 - 0000100000]    BIOS reserved ==> [0000099800 - 0000100000]
Feb 21 17:09:37 localhost kernel:  #5 [000200d000 - 000200d461]              BRK ==> [000200d000 - 000200d461]
Feb 21 17:09:37 localhost kernel:  #6 [0000008000 - 000000c000]          PGTABLE ==> [0000008000 - 000000c000]
Feb 21 17:09:37 localhost kernel:  #7 [000000c000 - 000000d000]          PGTABLE ==> [000000c000 - 000000d000]
Feb 21 17:09:37 localhost kernel: found SMP MP-table at [ffff8800000fe710] fe710
Feb 21 17:09:37 localhost kernel: Reserving 129MB of memory at 48MB for crashkernel (System RAM: 4864MB)
Feb 21 17:09:37 localhost kernel: Zone PFN ranges:
Feb 21 17:09:37 localhost kernel:  DMA      0x00000001 -> 0x00001000
Feb 21 17:09:37 localhost kernel:  DMA32    0x00001000 -> 0x00100000
Feb 21 17:09:37 localhost kernel:  Normal   0x00100000 -> 0x00130000
Feb 21 17:09:37 localhost kernel: Movable zone start PFN for each node
Feb 21 17:09:37 localhost kernel: early_node_map[3] active PFN ranges
Feb 21 17:09:37 localhost kernel:    0: 0x00000001 -> 0x000000a0
Feb 21 17:09:37 localhost kernel:    0: 0x00000100 -> 0x000cf379
Feb 21 17:09:37 localhost kernel:    0: 0x00100000 -> 0x00130000
Feb 21 17:09:37 localhost kernel: ACPI: PM-Timer IO Port: 0x808
Feb 21 17:09:37 localhost kernel: ACPI: LAPIC (acpi_id[0x01] lapic_id[0x10] enabled)
Feb 21 17:09:37 localhost kernel: ACPI: LAPIC (acpi_id[0x02] lapic_id[0x12] enabled)
Feb 21 17:09:37 localhost kernel: ACPI: LAPIC (acpi_id[0x03] lapic_id[0x14] enabled)
Feb 21 17:09:37 localhost kernel: ACPI: LAPIC (acpi_id[0x04] lapic_id[0x16] enabled)
Feb 21 17:09:37 localhost kernel: ACPI: LAPIC (acpi_id[0x05] lapic_id[0xff] disabled)
Feb 21 17:09:37 localhost kernel: ACPI: LAPIC (acpi_id[0x06] lapic_id[0xff] disabled)
Feb 21 17:09:37 localhost kernel: ACPI: LAPIC (acpi_id[0x07] lapic_id[0xff] disabled)
Feb 21 17:09:37 localhost kernel: ACPI: LAPIC (acpi_id[0x08] lapic_id[0xff] disabled)
Feb 21 17:09:37 localhost kernel: ACPI: LAPIC (acpi_id[0x09] lapic_id[0xff] disabled)
Feb 21 17:09:37 localhost kernel: ACPI: LAPIC (acpi_id[0x0a] lapic_id[0xff] disabled)
Feb 21 17:09:37 localhost kernel: ACPI: LAPIC (acpi_id[0x0b] lapic_id[0xff] disabled)
Feb 21 17:09:37 localhost kernel: ACPI: LAPIC (acpi_id[0x0c] lapic_id[0xff] disabled)
Feb 21 17:09:37 localhost kernel: ACPI: LAPIC (acpi_id[0x0d] lapic_id[0xff] disabled)
Feb 21 17:09:37 localhost kernel: ACPI: LAPIC (acpi_id[0x0e] lapic_id[0xff] disabled)
Feb 21 17:09:37 localhost kernel: ACPI: LAPIC (acpi_id[0x0f] lapic_id[0xff] disabled)
Feb 21 17:09:37 localhost kernel: ACPI: LAPIC (acpi_id[0x10] lapic_id[0xff] disabled)
Feb 21 17:09:37 localhost kernel: ACPI: LAPIC (acpi_id[0x11] lapic_id[0xff] disabled)
Feb 21 17:09:37 localhost kernel: ACPI: LAPIC (acpi_id[0x12] lapic_id[0xff] disabled)
Feb 21 17:09:37 localhost kernel: ACPI: LAPIC (acpi_id[0x13] lapic_id[0xff] disabled)
Feb 21 17:09:37 localhost kernel: ACPI: LAPIC (acpi_id[0x14] lapic_id[0xff] disabled)
Feb 21 17:09:37 localhost kernel: ACPI: LAPIC (acpi_id[0x15] lapic_id[0xff] disabled)
Feb 21 17:09:37 localhost kernel: ACPI: LAPIC (acpi_id[0x16] lapic_id[0xff] disabled)
Feb 21 17:09:37 localhost kernel: ACPI: LAPIC (acpi_id[0x17] lapic_id[0xff] disabled)
Feb 21 17:09:37 localhost kernel: ACPI: LAPIC (acpi_id[0x18] lapic_id[0xff] disabled)
Feb 21 17:09:37 localhost kernel: ACPI: LAPIC (acpi_id[0x19] lapic_id[0xff] disabled)
Feb 21 17:09:37 localhost kernel: ACPI: LAPIC (acpi_id[0x1a] lapic_id[0xff] disabled)
Feb 21 17:09:37 localhost kernel: ACPI: LAPIC (acpi_id[0x1b] lapic_id[0xff] disabled)
Feb 21 17:09:37 localhost kernel: ACPI: LAPIC (acpi_id[0x1c] lapic_id[0xff] disabled)
Feb 21 17:09:37 localhost kernel: ACPI: LAPIC (acpi_id[0x1d] lapic_id[0xff] disabled)
Feb 21 17:09:37 localhost kernel: ACPI: LAPIC (acpi_id[0x1e] lapic_id[0xff] disabled)
Feb 21 17:09:37 localhost kernel: ACPI: LAPIC (acpi_id[0x1f] lapic_id[0xff] disabled)
Feb 21 17:09:37 localhost kernel: ACPI: LAPIC (acpi_id[0x20] lapic_id[0xff] disabled)
Feb 21 17:09:37 localhost kernel: ACPI: LAPIC_NMI (acpi_id[0xff] high edge lint[0x1])
Feb 21 17:09:37 localhost kernel: ACPI: IOAPIC (id[0x00] address[0xfec00000] gsi_base[0])
Feb 21 17:09:37 localhost kernel: IOAPIC[0]: apic_id 0, version 32, address 0xfec00000, GSI 0-23
Feb 21 17:09:37 localhost kernel: ACPI: IOAPIC (id[0x01] address[0xfec80000] gsi_base[32])
Feb 21 17:09:37 localhost kernel: IOAPIC[1]: apic_id 1, version 32, address 0xfec80000, GSI 32-55
Feb 21 17:09:37 localhost kernel: ACPI: INT_SRC_OVR (bus 0 bus_irq 0 global_irq 2 dfl dfl)
Feb 21 17:09:37 localhost kernel: ACPI: INT_SRC_OVR (bus 0 bus_irq 9 global_irq 9 high level)
Feb 21 17:09:37 localhost kernel: Using ACPI (MADT) for SMP configuration information
Feb 21 17:09:37 localhost kernel: ACPI: HPET id: 0x8086a301 base: 0xfed00000
Feb 21 17:09:37 localhost kernel: SMP: Allowing 32 CPUs, 28 hotplug CPUs
Feb 21 17:09:37 localhost kernel: PM: Registered nosave memory: 00000000000a0000 - 0000000000100000
Feb 21 17:09:37 localhost kernel: PM: Registered nosave memory: 00000000cf379000 - 00000000cf38f000
Feb 21 17:09:37 localhost kernel: PM: Registered nosave memory: 00000000cf38f000 - 00000000cf3ce000
Feb 21 17:09:37 localhost kernel: PM: Registered nosave memory: 00000000cf3ce000 - 00000000d0000000
Feb 21 17:09:37 localhost kernel: PM: Registered nosave memory: 00000000d0000000 - 00000000e0000000
Feb 21 17:09:37 localhost kernel: PM: Registered nosave memory: 00000000e0000000 - 00000000f0000000
Feb 21 17:09:37 localhost kernel: PM: Registered nosave memory: 00000000f0000000 - 00000000fe000000
Feb 21 17:09:37 localhost kernel: PM: Registered nosave memory: 00000000fe000000 - 0000000100000000
Feb 21 17:09:37 localhost kernel: Allocating PCI resources starting at d0000000 (gap: d0000000:10000000)
Feb 21 17:09:37 localhost kernel: Booting paravirtualized kernel on bare hardware
Feb 21 17:09:37 localhost kernel: NR_CPUS:4096 nr_cpumask_bits:32 nr_cpu_ids:32 nr_node_ids:1
Feb 21 17:09:37 localhost kernel: PERCPU: Embedded 30 pages/cpu @ffff88002c000000 s92696 r8192 d21992 u131072
Feb 21 17:09:37 localhost kernel: pcpu-alloc: s92696 r8192 d21992 u131072 alloc=1*2097152
Feb 21 17:09:37 localhost kernel: pcpu-alloc: [0] 00 01 02 03 04 05 06 07 08 09 10 11 12 13 14 15 
Feb 21 17:09:37 localhost kernel: pcpu-alloc: [0] 16 17 18 19 20 21 22 23 24 25 26 27 28 29 30 31 
Feb 21 17:09:37 localhost kernel: Built 1 zonelists in Node order, mobility grouping on.  Total pages: 1028138
Feb 21 17:09:37 localhost kernel: Policy zone: Normal
Feb 21 17:09:37 localhost kernel: Kernel command line: ro root=/dev/mapper/VolGroup-lv_root nomodeset rd_NO_LUKS LANG=en_US.UTF-8 rd_NO_MD rd_LVM_LV=VolGroup/lv_swap SYSFONT=latarcyrheb-sun16 rhgb crashkernel=129M@0M quiet rd_LVM_LV=VolGroup/lv_root  KEYBOARDTYPE=pc KEYTABLE=us rd_NO_DM
Feb 21 17:09:37 localhost kernel: PID hash table entries: 4096 (order: 3, 32768 bytes)
Feb 21 17:09:37 localhost kernel: Checking aperture...
Feb 21 17:09:37 localhost kernel: No AGP bridge found
Feb 21 17:09:37 localhost kernel: PCI-DMA: Using software bounce buffering for IO (SWIOTLB)
Feb 21 17:09:37 localhost kernel: Placing 64MB software IO TLB between ffff880020000000 - ffff880024000000
Feb 21 17:09:37 localhost kernel: software IO TLB at phys 0x20000000 - 0x24000000
Feb 21 17:09:37 localhost kernel: Memory: 3888544k/4980736k available (5084k kernel code, 799648k absent, 292544k reserved, 7229k data, 1244k init)
Feb 21 17:09:37 localhost kernel: Hierarchical RCU implementation.
Feb 21 17:09:37 localhost kernel: NR_IRQS:33024 nr_irqs:1208
Feb 21 17:09:37 localhost kernel: Extended CMOS year: 2000
Feb 21 17:09:37 localhost kernel: Console: colour VGA+ 80x25
Feb 21 17:09:37 localhost kernel: console [tty0] enabled
Feb 21 17:09:37 localhost kernel: allocated 33554432 bytes of page_cgroup
Feb 21 17:09:37 localhost kernel: please try 'cgroup_disable=memory' option if you don't want memory cgroups
Feb 21 17:09:37 localhost kernel: HPET: 4 timers in total, 0 timers will be used for per-cpu timer
Feb 21 17:09:37 localhost kernel: Fast TSC calibration using PIT
Feb 21 17:09:37 localhost kernel: Detected 2127.890 MHz processor.
Feb 21 17:09:37 localhost kernel: Calibrating delay loop (skipped), value calculated using timer frequency.. 4255.78 BogoMIPS (lpj=2127890)
Feb 21 17:09:37 localhost kernel: pid_max: default: 32768 minimum: 301
Feb 21 17:09:37 localhost kernel: Security Framework initialized
Feb 21 17:09:37 localhost kernel: SELinux:  Initializing.
Feb 21 17:09:37 localhost kernel: Dentry cache hash table entries: 524288 (order: 10, 4194304 bytes)
Feb 21 17:09:37 localhost kernel: Inode-cache hash table entries: 262144 (order: 9, 2097152 bytes)
Feb 21 17:09:37 localhost kernel: Mount-cache hash table entries: 256
Feb 21 17:09:37 localhost kernel: Initializing cgroup subsys ns
Feb 21 17:09:37 localhost kernel: Initializing cgroup subsys cpuacct
Feb 21 17:09:37 localhost kernel: Initializing cgroup subsys memory
Feb 21 17:09:37 localhost kernel: Initializing cgroup subsys devices
Feb 21 17:09:37 localhost kernel: Initializing cgroup subsys freezer
Feb 21 17:09:37 localhost kernel: Initializing cgroup subsys net_cls
Feb 21 17:09:37 localhost kernel: Initializing cgroup subsys blkio
Feb 21 17:09:37 localhost kernel: Initializing cgroup subsys perf_event
Feb 21 17:09:37 localhost kernel: CPU: Physical Processor ID: 1
Feb 21 17:09:37 localhost kernel: CPU: Processor Core ID: 0
Feb 21 17:09:37 localhost kernel: mce: CPU supports 9 MCE banks
Feb 21 17:09:37 localhost kernel: CPU0: Thermal monitoring enabled (TM1)
Feb 21 17:09:37 localhost kernel: using mwait in idle threads.
Feb 21 17:09:37 localhost kernel: ACPI: Core revision 20090903
Feb 21 17:09:37 localhost kernel: ftrace: converting mcount calls to 0f 1f 44 00 00
Feb 21 17:09:37 localhost kernel: ftrace: allocating 20776 entries in 82 pages
Feb 21 17:09:37 localhost kernel: DMAR: Host address width 40
Feb 21 17:09:37 localhost kernel: DMAR: DRHD base: 0x000000fed90000 flags: 0x1
Feb 21 17:09:37 localhost kernel: IOMMU fed90000: ver 1:0 cap c90780106f0462 ecap f020fe
Feb 21 17:09:37 localhost kernel: DMAR: RMRR base: 0x000000cf4c8000 end: 0x000000cf4dffff
Feb 21 17:09:37 localhost kernel: DMAR: RMRR base: 0x000000cf4b1000 end: 0x000000cf4bffff
Feb 21 17:09:37 localhost kernel: DMAR: RMRR base: 0x000000cf4a1000 end: 0x000000cf4a1fff
Feb 21 17:09:37 localhost kernel: DMAR: RMRR base: 0x000000cf4a3000 end: 0x000000cf4a3fff
Feb 21 17:09:37 localhost kernel: DMAR: RMRR base: 0x000000cf4a5000 end: 0x000000cf4a5fff
Feb 21 17:09:37 localhost kernel: DMAR: RMRR base: 0x000000cf4a7000 end: 0x000000cf4a7fff
Feb 21 17:09:37 localhost kernel: DMAR: RMRR base: 0x000000cf4a9000 end: 0x000000cf4a9fff
Feb 21 17:09:37 localhost kernel: DMAR: RMRR base: 0x000000cf4c0000 end: 0x000000cf4c0fff
Feb 21 17:09:37 localhost kernel: DMAR: RMRR base: 0x000000cf4c2000 end: 0x000000cf4c2fff
Feb 21 17:09:37 localhost kernel: DMAR: ATSR flags: 0x0
Feb 21 17:09:37 localhost kernel: IOAPIC id 0 under DRHD base 0xfed90000
Feb 21 17:09:37 localhost kernel: IOAPIC id 1 under DRHD base 0xfed90000
Feb 21 17:09:37 localhost kernel: Enabled IRQ remapping in xapic mode
Feb 21 17:09:37 localhost kernel: Setting APIC routing to physical flat
Feb 21 17:09:37 localhost kernel: ..TIMER: vector=0x30 apic1=0 pin1=2 apic2=-1 pin2=-1
Feb 21 17:09:37 localhost kernel: CPU0: Intel(R) Xeon(R) CPU           E5506  @ 2.13GHz stepping 05
Feb 21 17:09:37 localhost kernel: Performance Events: PEBS fmt1+, erratum AAJ80 worked around, Nehalem events, Intel PMU driver.
Feb 21 17:09:37 localhost kernel: ... version:                3
Feb 21 17:09:37 localhost kernel: ... bit width:              48
Feb 21 17:09:37 localhost kernel: ... generic registers:      4
Feb 21 17:09:37 localhost kernel: ... value mask:             0000ffffffffffff
Feb 21 17:09:37 localhost kernel: ... max period:             000000007fffffff
Feb 21 17:09:37 localhost kernel: ... fixed-purpose events:   3
Feb 21 17:09:37 localhost kernel: ... event mask:             000000070000000f
Feb 21 17:09:37 localhost kernel: NMI watchdog enabled, takes one hw-pmu counter.
Feb 21 17:09:37 localhost kernel: Booting Node   0, Processors  #1 #2 #3
Feb 21 17:09:37 localhost kernel: Brought up 4 CPUs
Feb 21 17:09:37 localhost kernel: Total of 4 processors activated (17021.59 BogoMIPS).
Feb 21 17:09:37 localhost kernel: devtmpfs: initialized
Feb 21 17:09:37 localhost kernel: regulator: core version 0.5
Feb 21 17:09:37 localhost kernel: NET: Registered protocol family 16
Feb 21 17:09:37 localhost kernel: ACPI FADT declares the system doesn't support PCIe ASPM, so disable it
Feb 21 17:09:37 localhost kernel: ACPI: bus type pci registered
Feb 21 17:09:37 localhost kernel: PCI: MCFG configuration 0: base e0000000 segment 0 buses 0 - 255
Feb 21 17:09:37 localhost kernel: PCI: MCFG area at e0000000 reserved in E820
Feb 21 17:09:37 localhost kernel: PCI: Using MMCONFIG at e0000000 - efffffff
Feb 21 17:09:37 localhost kernel: PCI: Using configuration type 1 for base access
Feb 21 17:09:37 localhost kernel: bio: create slab <bio-0> at 0
Feb 21 17:09:37 localhost kernel: ACPI: BIOS _OSI(Linux) query ignored
Feb 21 17:09:37 localhost kernel: ACPI: Interpreter enabled
Feb 21 17:09:37 localhost kernel: ACPI: (supports S0 S4 S5)
Feb 21 17:09:37 localhost kernel: ACPI: Using IOAPIC for interrupt routing
Feb 21 17:09:37 localhost kernel: ACPI: No dock devices found.
Feb 21 17:09:37 localhost kernel: HEST: Table parsing has been initialized.
Feb 21 17:09:37 localhost kernel: ACPI: PCI Root Bridge [PCI0] (0000:00)
Feb 21 17:09:37 localhost kernel: pci 0000:00:00.0: PME# supported from D0 D3hot D3cold
Feb 21 17:09:37 localhost kernel: pci 0000:00:00.0: PME# disabled
Feb 21 17:09:37 localhost kernel: pci 0000:00:01.0: PME# supported from D0 D3hot D3cold
Feb 21 17:09:37 localhost kernel: pci 0000:00:01.0: PME# disabled
Feb 21 17:09:37 localhost kernel: pci 0000:00:03.0: PME# supported from D0 D3hot D3cold
Feb 21 17:09:37 localhost kernel: pci 0000:00:03.0: PME# disabled
Feb 21 17:09:37 localhost kernel: pci 0000:00:07.0: PME# supported from D0 D3hot D3cold
Feb 21 17:09:37 localhost kernel: pci 0000:00:07.0: PME# disabled
Feb 21 17:09:37 localhost kernel: pci 0000:00:09.0: PME# supported from D0 D3hot D3cold
Feb 21 17:09:37 localhost kernel: pci 0000:00:09.0: PME# disabled
Feb 21 17:09:37 localhost kernel: pci 0000:00:0a.0: PME# supported from D0 D3hot D3cold
Feb 21 17:09:37 localhost kernel: pci 0000:00:0a.0: PME# disabled
Feb 21 17:09:37 localhost kernel: pci 0000:00:1a.7: PME# supported from D0 D3hot D3cold
Feb 21 17:09:37 localhost kernel: pci 0000:00:1a.7: PME# disabled
Feb 21 17:09:37 localhost kernel: pci 0000:00:1c.0: PME# supported from D0 D3hot D3cold
Feb 21 17:09:37 localhost kernel: pci 0000:00:1c.0: PME# disabled
Feb 21 17:09:37 localhost kernel: pci 0000:00:1d.7: PME# supported from D0 D3hot D3cold
Feb 21 17:09:37 localhost kernel: pci 0000:00:1d.7: PME# disabled
Feb 21 17:09:37 localhost kernel: pci 0000:00:1f.0: quirk: region 0800-087f claimed by ICH6 ACPI/GPIO/TCO
Feb 21 17:09:37 localhost kernel: pci 0000:00:1f.0: quirk: region 0880-08bf claimed by ICH6 GPIO
Feb 21 17:09:37 localhost kernel: pci 0000:00:1f.0: ICH7 LPC Generic IO decode 1 PIO at 0c00 (mask 007f)
Feb 21 17:09:37 localhost kernel: pci 0000:00:1f.0: ICH7 LPC Generic IO decode 2 PIO at 0ca0 (mask 000f)
Feb 21 17:09:37 localhost kernel: pci 0000:00:1f.0: ICH7 LPC Generic IO decode 3 PIO at 00e0 (mask 000f)
Feb 21 17:09:37 localhost kernel: pci 0000:00:1f.2: PME# supported from D3hot
Feb 21 17:09:37 localhost kernel: pci 0000:00:1f.2: PME# disabled
Feb 21 17:09:37 localhost kernel: pci 0000:01:00.0: PME# supported from D0 D3hot D3cold
Feb 21 17:09:37 localhost kernel: pci 0000:01:00.0: PME# disabled
Feb 21 17:09:37 localhost kernel: pci 0000:01:00.1: PME# supported from D0 D3hot D3cold
Feb 21 17:09:37 localhost kernel: pci 0000:01:00.1: PME# disabled
Feb 21 17:09:37 localhost kernel: pci 0000:00:1e.0: transparent bridge
Feb 21 17:09:37 localhost kernel: pci0000:00: Requesting ACPI _OSC control (0x15)
Feb 21 17:09:37 localhost kernel: pci0000:00: ACPI _OSC control (0x15) granted
Feb 21 17:09:37 localhost kernel: ACPI: PCI Interrupt Link [LK00] (IRQs 3 4 5 6 7 10 11 14 *15)
Feb 21 17:09:37 localhost kernel: ACPI: PCI Interrupt Link [LK01] (IRQs 3 4 5 6 7 10 11 *14 15)
Feb 21 17:09:37 localhost kernel: ACPI: PCI Interrupt Link [LK02] (IRQs 3 4 5 6 7 10 *11 14 15)
Feb 21 17:09:37 localhost kernel: ACPI: PCI Interrupt Link [LK03] (IRQs 3 4 5 6 7 *10 11 14 15)
Feb 21 17:09:37 localhost kernel: ACPI: PCI Interrupt Link [LK04] (IRQs 3 4 *5 6 7 10 11 14 15)
Feb 21 17:09:37 localhost kernel: ACPI: PCI Interrupt Link [LK05] (IRQs 3 4 5 *6 7 10 11 14 15)
Feb 21 17:09:37 localhost kernel: ACPI: PCI Interrupt Link [LK06] (IRQs 3 4 5 6 7 10 11 14 15) *0, disabled.
Feb 21 17:09:37 localhost kernel: ACPI: PCI Interrupt Link [LK07] (IRQs 3 4 5 6 7 10 11 *14 15)
Feb 21 17:09:37 localhost kernel: vgaarb: device added: PCI:0000:07:03.0,decodes=io+mem,owns=io+mem,locks=none
Feb 21 17:09:37 localhost kernel: vgaarb: loaded
Feb 21 17:09:37 localhost kernel: vgaarb: bridge control possible 0000:07:03.0
Feb 21 17:09:37 localhost kernel: SCSI subsystem initialized
Feb 21 17:09:37 localhost kernel: usbcore: registered new interface driver usbfs
Feb 21 17:09:37 localhost kernel: usbcore: registered new interface driver hub
Feb 21 17:09:37 localhost kernel: usbcore: registered new device driver usb
Feb 21 17:09:37 localhost kernel: PCI: Using ACPI for IRQ routing
Feb 21 17:09:37 localhost kernel: NetLabel: Initializing
Feb 21 17:09:37 localhost kernel: NetLabel:  domain hash size = 128
Feb 21 17:09:37 localhost kernel: NetLabel:  protocols = UNLABELED CIPSOv4
Feb 21 17:09:37 localhost kernel: NetLabel:  unlabeled traffic allowed by default
Feb 21 17:09:37 localhost kernel: hpet0: at MMIO 0xfed00000, IRQs 2, 8, 0, 0
Feb 21 17:09:37 localhost kernel: hpet0: 4 comparators, 64-bit 14.318180 MHz counter
Feb 21 17:09:37 localhost kernel: Switching to clocksource tsc
Feb 21 17:09:37 localhost kernel: pnp: PnP ACPI init
Feb 21 17:09:37 localhost kernel: ACPI: bus type pnp registered
Feb 21 17:09:37 localhost kernel: pnp: PnP ACPI: found 12 devices
Feb 21 17:09:37 localhost kernel: ACPI: ACPI bus type pnp unregistered
Feb 21 17:09:37 localhost kernel: system 00:07: ioport range 0x800-0x87f has been reserved
Feb 21 17:09:37 localhost kernel: system 00:07: ioport range 0x880-0x8ff could not be reserved
Feb 21 17:09:37 localhost kernel: system 00:07: ioport range 0x900-0x91f has been reserved
Feb 21 17:09:37 localhost kernel: system 00:07: ioport range 0x920-0x923 has been reserved
Feb 21 17:09:37 localhost kernel: system 00:07: ioport range 0x924-0x924 has been reserved
Feb 21 17:09:37 localhost kernel: system 00:07: ioport range 0xc00-0xc7f has been reserved
Feb 21 17:09:37 localhost kernel: system 00:07: ioport range 0xca0-0xca7 has been reserved
Feb 21 17:09:37 localhost kernel: system 00:07: ioport range 0xca9-0xcab has been reserved
Feb 21 17:09:37 localhost kernel: system 00:07: ioport range 0xcad-0xcaf has been reserved
Feb 21 17:09:37 localhost kernel: system 00:08: ioport range 0xca8-0xca8 has been reserved
Feb 21 17:09:37 localhost kernel: system 00:08: ioport range 0xcac-0xcac has been reserved
Feb 21 17:09:37 localhost kernel: system 00:09: iomem range 0xe0000000-0xefffffff has been reserved
Feb 21 17:09:37 localhost kernel: system 00:0b: iomem range 0xfed90000-0xfed91fff has been reserved
Feb 21 17:09:37 localhost kernel: pci 0000:00:01.0: PCI bridge to [bus 01-01]
Feb 21 17:09:37 localhost kernel: pci 0000:00:01.0: PCI bridge, secondary bus 0000:01
Feb 21 17:09:37 localhost kernel: pci 0000:00:01.0:   bridge window [io  disabled]
Feb 21 17:09:37 localhost kernel: pci 0000:00:01.0:   bridge window [0xda000000-0xddffffff]
Feb 21 17:09:37 localhost kernel: pci 0000:00:01.0:   bridge window [mem pref disabled]
Feb 21 17:09:37 localhost kernel: pci 0000:00:03.0: PCI bridge to [bus 05-05]
Feb 21 17:09:37 localhost kernel: pci 0000:00:03.0: PCI bridge, secondary bus 0000:05
Feb 21 17:09:37 localhost kernel: pci 0000:00:03.0:   bridge window [io  disabled]
Feb 21 17:09:37 localhost kernel: pci 0000:00:03.0:   bridge window [mem disabled]
Feb 21 17:09:37 localhost kernel: pci 0000:00:03.0:   bridge window [mem pref disabled]
Feb 21 17:09:37 localhost kernel: pci 0000:00:07.0: PCI bridge to [bus 06-06]
Feb 21 17:09:37 localhost kernel: pci 0000:00:07.0: PCI bridge, secondary bus 0000:06
Feb 21 17:09:37 localhost kernel: pci 0000:00:07.0:   bridge window [io  disabled]
Feb 21 17:09:37 localhost kernel: pci 0000:00:07.0:   bridge window [mem disabled]
Feb 21 17:09:37 localhost kernel: pci 0000:00:07.0:   bridge window [mem pref disabled]
Feb 21 17:09:37 localhost kernel: pci 0000:00:09.0: PCI bridge to [bus 03-03]
Feb 21 17:09:37 localhost kernel: pci 0000:00:09.0: PCI bridge, secondary bus 0000:03
Feb 21 17:09:37 localhost kernel: pci 0000:00:09.0:   bridge window [io  disabled]
Feb 21 17:09:37 localhost kernel: pci 0000:00:09.0:   bridge window [mem disabled]
Feb 21 17:09:37 localhost kernel: pci 0000:00:09.0:   bridge window [mem pref disabled]
Feb 21 17:09:37 localhost kernel: pci 0000:00:0a.0: PCI bridge to [bus 02-02]
Feb 21 17:09:37 localhost kernel: pci 0000:00:0a.0: PCI bridge, secondary bus 0000:02
Feb 21 17:09:37 localhost kernel: pci 0000:00:0a.0:   bridge window [io  disabled]
Feb 21 17:09:37 localhost kernel: pci 0000:00:0a.0:   bridge window [mem disabled]
Feb 21 17:09:37 localhost kernel: pci 0000:00:0a.0:   bridge window [mem pref disabled]
Feb 21 17:09:37 localhost kernel: pci 0000:00:1c.0: PCI bridge to [bus 04-04]
Feb 21 17:09:37 localhost kernel: pci 0000:00:1c.0: PCI bridge, secondary bus 0000:04
Feb 21 17:09:37 localhost kernel: pci 0000:00:1c.0:   bridge window [0x1000-0x1fff]
Feb 21 17:09:37 localhost kernel: pci 0000:00:1c.0:   bridge window [0xd0000000-0xd01fffff]
Feb 21 17:09:37 localhost kernel: pci 0000:00:1c.0:   bridge window [0xd0200000-0xd03fffff]
Feb 21 17:09:37 localhost kernel: pci 0000:00:1e.0: PCI bridge to [bus 07-07]
Feb 21 17:09:37 localhost kernel: pci 0000:00:1e.0: PCI bridge, secondary bus 0000:07
Feb 21 17:09:37 localhost kernel: pci 0000:00:1e.0:   bridge window [io  disabled]
Feb 21 17:09:37 localhost kernel: pci 0000:00:1e.0:   bridge window [0xde000000-0xdeffffff]
Feb 21 17:09:37 localhost kernel: pci 0000:00:1e.0:   bridge window [0xd9800000-0xd9ffffff]
Feb 21 17:09:37 localhost kernel: pci 0000:00:01.0: PCI INT A -> GSI 53 (level, low) -> IRQ 53
Feb 21 17:09:37 localhost kernel: pci 0000:00:03.0: PCI INT A -> GSI 53 (level, low) -> IRQ 53
Feb 21 17:09:37 localhost kernel: pci 0000:00:07.0: PCI INT A -> GSI 53 (level, low) -> IRQ 53
Feb 21 17:09:37 localhost kernel: pci 0000:00:09.0: PCI INT A -> GSI 53 (level, low) -> IRQ 53
Feb 21 17:09:37 localhost kernel: pci 0000:00:0a.0: PCI INT A -> GSI 53 (level, low) -> IRQ 53
Feb 21 17:09:37 localhost kernel: pci 0000:00:1c.0: PCI INT A -> GSI 16 (level, low) -> IRQ 16
Feb 21 17:09:37 localhost kernel: NET: Registered protocol family 2
Feb 21 17:09:37 localhost kernel: IP route cache hash table entries: 131072 (order: 8, 1048576 bytes)
Feb 21 17:09:37 localhost kernel: TCP established hash table entries: 524288 (order: 11, 8388608 bytes)
Feb 21 17:09:37 localhost kernel: TCP bind hash table entries: 65536 (order: 8, 1048576 bytes)
Feb 21 17:09:37 localhost kernel: TCP: Hash tables configured (established 524288 bind 65536)
Feb 21 17:09:37 localhost kernel: TCP reno registered
Feb 21 17:09:37 localhost kernel: NET: Registered protocol family 1
Feb 21 17:09:37 localhost kernel: Trying to unpack rootfs image as initramfs...
Feb 21 17:09:37 localhost kernel: Freeing initrd memory: 14181k freed
Feb 21 17:09:37 localhost kernel: DMAR: Device scope device [0000:00:1a.02] not found
Feb 21 17:09:37 localhost kernel: DMAR: Device scope device [0000:00:1a.02] not found
Feb 21 17:09:37 localhost kernel: audit: initializing netlink socket (disabled)
Feb 21 17:09:37 localhost kernel: type=2000 audit(1361437764.602:1): initialized
Feb 21 17:09:37 localhost kernel: HugeTLB registered 2 MB page size, pre-allocated 0 pages
Feb 21 17:09:37 localhost kernel: VFS: Disk quotas dquot_6.5.2
Feb 21 17:09:37 localhost kernel: Dquot-cache hash table entries: 512 (order 0, 4096 bytes)
Feb 21 17:09:37 localhost kernel: msgmni has been set to 7622
Feb 21 17:09:37 localhost kernel: alg: No test for stdrng (krng)
Feb 21 17:09:37 localhost kernel: ksign: Installing public key data
Feb 21 17:09:37 localhost kernel: Loading keyring
Feb 21 17:09:37 localhost kernel: - Added public key 3A25C209CBB1D210
Feb 21 17:09:37 localhost kernel: - User ID: CentOS (Kernel Module GPG key)
Feb 21 17:09:37 localhost kernel: Block layer SCSI generic (bsg) driver version 0.4 loaded (major 252)
Feb 21 17:09:37 localhost kernel: io scheduler noop registered
Feb 21 17:09:37 localhost kernel: io scheduler anticipatory registered
Feb 21 17:09:37 localhost kernel: io scheduler deadline registered
Feb 21 17:09:37 localhost kernel: io scheduler cfq registered (default)
Feb 21 17:09:37 localhost kernel: pci_hotplug: PCI Hot Plug PCI Core version: 0.5
Feb 21 17:09:37 localhost kernel: pciehp 0000:00:1c.0:pcieffffffc4: HPC vendor_id 8086 device_id 3a40 ss_vid 0 ss_did 0
Feb 21 17:09:37 localhost kernel: pciehp: PCI Express Hot Plug Controller Driver version: 0.4
Feb 21 17:09:37 localhost kernel: acpiphp: ACPI Hot Plug PCI Controller Driver version: 0.5
Feb 21 17:09:37 localhost kernel: input: Power Button as /devices/LNXSYSTM:00/LNXPWRBN:00/input/input0
Feb 21 17:09:37 localhost kernel: ACPI: Power Button [PWRF]
Feb 21 17:09:37 localhost kernel: processor LNXCPU:00: registered as cooling_device0
Feb 21 17:09:37 localhost kernel: processor LNXCPU:01: registered as cooling_device1
Feb 21 17:09:37 localhost kernel: processor LNXCPU:02: registered as cooling_device2
Feb 21 17:09:37 localhost kernel: processor LNXCPU:03: registered as cooling_device3
Feb 21 17:09:37 localhost kernel: ERST: Could not register with persistent store
Feb 21 17:09:37 localhost kernel: ERST: Error Record Serialization Table (ERST) support is initialized.
Feb 21 17:09:37 localhost kernel: GHES: APEI firmware first mode is enabled by APEI bit and WHEA _OSC.
Feb 21 17:09:37 localhost kernel: Non-volatile memory driver v1.3
Feb 21 17:09:37 localhost kernel: Linux agpgart interface v0.103
Feb 21 17:09:37 localhost kernel: crash memory driver: version 1.1
Feb 21 17:09:37 localhost kernel: Serial: 8250/16550 driver, 4 ports, IRQ sharing enabled
Feb 21 17:09:37 localhost kernel: serial8250: ttyS0 at I/O 0x3f8 (irq = 4) is a 16550A
Feb 21 17:09:37 localhost kernel: serial8250: ttyS1 at I/O 0x2f8 (irq = 3) is a 16550A
Feb 21 17:09:37 localhost kernel: 00:05: ttyS0 at I/O 0x3f8 (irq = 4) is a 16550A
Feb 21 17:09:37 localhost kernel: 00:06: ttyS1 at I/O 0x2f8 (irq = 3) is a 16550A
Feb 21 17:09:37 localhost kernel: brd: module loaded
Feb 21 17:09:37 localhost kernel: loop: module loaded
Feb 21 17:09:37 localhost kernel: input: Macintosh mouse button emulation as /devices/virtual/input/input1
Feb 21 17:09:37 localhost kernel: Fixed MDIO Bus: probed
Feb 21 17:09:37 localhost kernel: ehci_hcd: USB 2.0 'Enhanced' Host Controller (EHCI) Driver
Feb 21 17:09:37 localhost kernel: ehci_hcd 0000:00:1a.7: PCI INT C -> GSI 19 (level, low) -> IRQ 19
Feb 21 17:09:37 localhost kernel: ehci_hcd 0000:00:1a.7: EHCI Host Controller
Feb 21 17:09:37 localhost kernel: ehci_hcd 0000:00:1a.7: new USB bus registered, assigned bus number 1
Feb 21 17:09:37 localhost kernel: ehci_hcd 0000:00:1a.7: debug port 1
Feb 21 17:09:37 localhost kernel: ehci_hcd 0000:00:1a.7: irq 19, io mem 0xdf0fd000
Feb 21 17:09:37 localhost kernel: ehci_hcd 0000:00:1a.7: USB 2.0 started, EHCI 1.00
Feb 21 17:09:37 localhost kernel: usb usb1: New USB device found, idVendor=1d6b, idProduct=0002
Feb 21 17:09:37 localhost kernel: usb usb1: New USB device strings: Mfr=3, Product=2, SerialNumber=1
Feb 21 17:09:37 localhost kernel: usb usb1: Product: EHCI Host Controller
Feb 21 17:09:37 localhost kernel: usb usb1: Manufacturer: Linux 2.6.32-220.el6.x86_64 ehci_hcd
Feb 21 17:09:37 localhost kernel: usb usb1: SerialNumber: 0000:00:1a.7
Feb 21 17:09:37 localhost kernel: usb usb1: configuration #1 chosen from 1 choice
Feb 21 17:09:37 localhost kernel: hub 1-0:1.0: USB hub found
Feb 21 17:09:37 localhost kernel: hub 1-0:1.0: 4 ports detected
Feb 21 17:09:37 localhost kernel: ehci_hcd 0000:00:1d.7: PCI INT A -> GSI 21 (level, low) -> IRQ 21
Feb 21 17:09:37 localhost kernel: ehci_hcd 0000:00:1d.7: EHCI Host Controller
Feb 21 17:09:37 localhost kernel: ehci_hcd 0000:00:1d.7: new USB bus registered, assigned bus number 2
Feb 21 17:09:37 localhost kernel: ehci_hcd 0000:00:1d.7: debug port 1
Feb 21 17:09:37 localhost kernel: ehci_hcd 0000:00:1d.7: irq 21, io mem 0xdf0fe000
Feb 21 17:09:37 localhost kernel: ehci_hcd 0000:00:1d.7: USB 2.0 started, EHCI 1.00
Feb 21 17:09:37 localhost kernel: usb usb2: New USB device found, idVendor=1d6b, idProduct=0002
Feb 21 17:09:37 localhost kernel: usb usb2: New USB device strings: Mfr=3, Product=2, SerialNumber=1
Feb 21 17:09:37 localhost kernel: usb usb2: Product: EHCI Host Controller
Feb 21 17:09:37 localhost kernel: usb usb2: Manufacturer: Linux 2.6.32-220.el6.x86_64 ehci_hcd
Feb 21 17:09:37 localhost kernel: usb usb2: SerialNumber: 0000:00:1d.7
Feb 21 17:09:37 localhost kernel: usb usb2: configuration #1 chosen from 1 choice
Feb 21 17:09:37 localhost kernel: hub 2-0:1.0: USB hub found
Feb 21 17:09:37 localhost kernel: hub 2-0:1.0: 8 ports detected
Feb 21 17:09:37 localhost kernel: ohci_hcd: USB 1.1 'Open' Host Controller (OHCI) Driver
Feb 21 17:09:37 localhost kernel: uhci_hcd: USB Universal Host Controller Interface driver
Feb 21 17:09:37 localhost kernel: uhci_hcd 0000:00:1a.0: PCI INT A -> GSI 17 (level, low) -> IRQ 17
Feb 21 17:09:37 localhost kernel: uhci_hcd 0000:00:1a.0: UHCI Host Controller
Feb 21 17:09:37 localhost kernel: uhci_hcd 0000:00:1a.0: new USB bus registered, assigned bus number 3
Feb 21 17:09:37 localhost kernel: uhci_hcd 0000:00:1a.0: irq 17, io base 0x0000fc20
Feb 21 17:09:37 localhost kernel: usb usb3: New USB device found, idVendor=1d6b, idProduct=0001
Feb 21 17:09:37 localhost kernel: usb usb3: New USB device strings: Mfr=3, Product=2, SerialNumber=1
Feb 21 17:09:37 localhost kernel: usb usb3: Product: UHCI Host Controller
Feb 21 17:09:37 localhost kernel: usb usb3: Manufacturer: Linux 2.6.32-220.el6.x86_64 uhci_hcd
Feb 21 17:09:37 localhost kernel: usb usb3: SerialNumber: 0000:00:1a.0
Feb 21 17:09:37 localhost kernel: usb usb3: configuration #1 chosen from 1 choice
Feb 21 17:09:37 localhost kernel: hub 3-0:1.0: USB hub found
Feb 21 17:09:37 localhost kernel: hub 3-0:1.0: 2 ports detected
Feb 21 17:09:37 localhost kernel: uhci_hcd 0000:00:1a.1: PCI INT B -> GSI 18 (level, low) -> IRQ 18
Feb 21 17:09:37 localhost kernel: uhci_hcd 0000:00:1a.1: UHCI Host Controller
Feb 21 17:09:37 localhost kernel: uhci_hcd 0000:00:1a.1: new USB bus registered, assigned bus number 4
Feb 21 17:09:37 localhost kernel: uhci_hcd 0000:00:1a.1: irq 18, io base 0x0000fc40
Feb 21 17:09:37 localhost kernel: usb usb4: New USB device found, idVendor=1d6b, idProduct=0001
Feb 21 17:09:37 localhost kernel: usb usb4: New USB device strings: Mfr=3, Product=2, SerialNumber=1
Feb 21 17:09:37 localhost kernel: usb usb4: Product: UHCI Host Controller
Feb 21 17:09:37 localhost kernel: usb usb4: Manufacturer: Linux 2.6.32-220.el6.x86_64 uhci_hcd
Feb 21 17:09:37 localhost kernel: usb usb4: SerialNumber: 0000:00:1a.1
Feb 21 17:09:37 localhost kernel: usb usb4: configuration #1 chosen from 1 choice
Feb 21 17:09:37 localhost kernel: hub 4-0:1.0: USB hub found
Feb 21 17:09:37 localhost kernel: hub 4-0:1.0: 2 ports detected
Feb 21 17:09:37 localhost kernel: uhci_hcd 0000:00:1d.0: PCI INT A -> GSI 21 (level, low) -> IRQ 21
Feb 21 17:09:37 localhost kernel: uhci_hcd 0000:00:1d.0: UHCI Host Controller
Feb 21 17:09:37 localhost kernel: uhci_hcd 0000:00:1d.0: new USB bus registered, assigned bus number 5
Feb 21 17:09:37 localhost kernel: uhci_hcd 0000:00:1d.0: irq 21, io base 0x0000fc60
Feb 21 17:09:37 localhost kernel: usb usb5: New USB device found, idVendor=1d6b, idProduct=0001
Feb 21 17:09:37 localhost kernel: usb usb5: New USB device strings: Mfr=3, Product=2, SerialNumber=1
Feb 21 17:09:37 localhost kernel: usb usb5: Product: UHCI Host Controller
Feb 21 17:09:37 localhost kernel: usb usb5: Manufacturer: Linux 2.6.32-220.el6.x86_64 uhci_hcd
Feb 21 17:09:37 localhost kernel: usb usb5: SerialNumber: 0000:00:1d.0
Feb 21 17:09:37 localhost kernel: usb usb5: configuration #1 chosen from 1 choice
Feb 21 17:09:37 localhost kernel: hub 5-0:1.0: USB hub found
Feb 21 17:09:37 localhost kernel: hub 5-0:1.0: 2 ports detected
Feb 21 17:09:37 localhost kernel: uhci_hcd 0000:00:1d.1: PCI INT B -> GSI 20 (level, low) -> IRQ 20
Feb 21 17:09:37 localhost kernel: uhci_hcd 0000:00:1d.1: UHCI Host Controller
Feb 21 17:09:37 localhost kernel: uhci_hcd 0000:00:1d.1: new USB bus registered, assigned bus number 6
Feb 21 17:09:37 localhost kernel: uhci_hcd 0000:00:1d.1: irq 20, io base 0x0000fc80
Feb 21 17:09:37 localhost kernel: usb usb6: New USB device found, idVendor=1d6b, idProduct=0001
Feb 21 17:09:37 localhost kernel: usb usb6: New USB device strings: Mfr=3, Product=2, SerialNumber=1
Feb 21 17:09:37 localhost kernel: usb usb6: Product: UHCI Host Controller
Feb 21 17:09:37 localhost kernel: usb usb6: Manufacturer: Linux 2.6.32-220.el6.x86_64 uhci_hcd
Feb 21 17:09:37 localhost kernel: usb usb6: SerialNumber: 0000:00:1d.1
Feb 21 17:09:37 localhost kernel: usb usb6: configuration #1 chosen from 1 choice
Feb 21 17:09:37 localhost kernel: hub 6-0:1.0: USB hub found
Feb 21 17:09:37 localhost kernel: hub 6-0:1.0: 2 ports detected
Feb 21 17:09:37 localhost kernel: uhci_hcd 0000:00:1d.2: PCI INT C -> GSI 21 (level, low) -> IRQ 21
Feb 21 17:09:37 localhost kernel: uhci_hcd 0000:00:1d.2: UHCI Host Controller
Feb 21 17:09:37 localhost kernel: uhci_hcd 0000:00:1d.2: new USB bus registered, assigned bus number 7
Feb 21 17:09:37 localhost kernel: uhci_hcd 0000:00:1d.2: irq 21, io base 0x0000fca0
Feb 21 17:09:37 localhost kernel: usb usb7: New USB device found, idVendor=1d6b, idProduct=0001
Feb 21 17:09:37 localhost kernel: usb usb7: New USB device strings: Mfr=3, Product=2, SerialNumber=1
Feb 21 17:09:37 localhost kernel: usb usb7: Product: UHCI Host Controller
Feb 21 17:09:37 localhost kernel: usb usb7: Manufacturer: Linux 2.6.32-220.el6.x86_64 uhci_hcd
Feb 21 17:09:37 localhost kernel: usb usb7: SerialNumber: 0000:00:1d.2
Feb 21 17:09:37 localhost kernel: usb usb7: configuration #1 chosen from 1 choice
Feb 21 17:09:37 localhost kernel: hub 7-0:1.0: USB hub found
Feb 21 17:09:37 localhost kernel: hub 7-0:1.0: 2 ports detected
Feb 21 17:09:37 localhost kernel: uhci_hcd 0000:00:1d.3: PCI INT D -> GSI 20 (level, low) -> IRQ 20
Feb 21 17:09:37 localhost kernel: uhci_hcd 0000:00:1d.3: UHCI Host Controller
Feb 21 17:09:37 localhost kernel: uhci_hcd 0000:00:1d.3: new USB bus registered, assigned bus number 8
Feb 21 17:09:37 localhost kernel: uhci_hcd 0000:00:1d.3: irq 20, io base 0x0000fcc0
Feb 21 17:09:37 localhost kernel: usb usb8: New USB device found, idVendor=1d6b, idProduct=0001
Feb 21 17:09:37 localhost kernel: usb usb8: New USB device strings: Mfr=3, Product=2, SerialNumber=1
Feb 21 17:09:37 localhost kernel: usb usb8: Product: UHCI Host Controller
Feb 21 17:09:37 localhost kernel: usb usb8: Manufacturer: Linux 2.6.32-220.el6.x86_64 uhci_hcd
Feb 21 17:09:37 localhost kernel: usb usb8: SerialNumber: 0000:00:1d.3
Feb 21 17:09:37 localhost kernel: usb usb8: configuration #1 chosen from 1 choice
Feb 21 17:09:37 localhost kernel: hub 8-0:1.0: USB hub found
Feb 21 17:09:37 localhost kernel: hub 8-0:1.0: 2 ports detected
Feb 21 17:09:37 localhost kernel: PNP: No PS/2 controller found. Probing ports directly.
Feb 21 17:09:37 localhost kernel: serio: i8042 KBD port at 0x60,0x64 irq 1
Feb 21 17:09:37 localhost kernel: serio: i8042 AUX port at 0x60,0x64 irq 12
Feb 21 17:09:37 localhost kernel: mice: PS/2 mouse device common for all mice
Feb 21 17:09:37 localhost kernel: rtc_cmos 00:04: RTC can wake from S4
Feb 21 17:09:37 localhost kernel: rtc_cmos 00:04: rtc core: registered rtc_cmos as rtc0
Feb 21 17:09:37 localhost kernel: rtc0: alarms up to one day, y3k, 242 bytes nvram, hpet irqs
Feb 21 17:09:37 localhost kernel: cpuidle: using governor ladder
Feb 21 17:09:37 localhost kernel: cpuidle: using governor menu
Feb 21 17:09:37 localhost kernel: usbcore: registered new interface driver hiddev
Feb 21 17:09:37 localhost kernel: usbcore: registered new interface driver usbhid
Feb 21 17:09:37 localhost kernel: usbhid: v2.6:USB HID core driver
Feb 21 17:09:37 localhost kernel: TCP cubic registered
Feb 21 17:09:37 localhost kernel: Initializing XFRM netlink socket
Feb 21 17:09:37 localhost kernel: NET: Registered protocol family 17
Feb 21 17:09:37 localhost kernel: registered taskstats version 1
Feb 21 17:09:37 localhost kernel: rtc_cmos 00:04: setting system clock to 2013-02-21 09:09:25 UTC (1361437765)
Feb 21 17:09:37 localhost kernel: Initalizing network drop monitor service
Feb 21 17:09:37 localhost kernel: Freeing unused kernel memory: 1244k freed
Feb 21 17:09:37 localhost kernel: Write protecting the kernel read-only data: 10240k
Feb 21 17:09:37 localhost kernel: Freeing unused kernel memory: 1040k freed
Feb 21 17:09:37 localhost kernel: Freeing unused kernel memory: 1760k freed
Feb 21 17:09:37 localhost kernel: dracut: dracut-004-256.el6
Feb 21 17:09:37 localhost kernel: device-mapper: uevent: version 1.0.3
Feb 21 17:09:37 localhost kernel: device-mapper: ioctl: 4.22.6-ioctl (2011-10-19) initialised: dm-devel@redhat.com
Feb 21 17:09:37 localhost kernel: udev: starting version 147
Feb 21 17:09:37 localhost kernel: dracut: Starting plymouth daemon
Feb 21 17:09:37 localhost kernel: ahci 0000:00:1f.2: PCI INT C -> GSI 23 (level, low) -> IRQ 23
Feb 21 17:09:37 localhost kernel: ahci 0000:00:1f.2: AHCI 0001.0200 32 slots 6 ports 3 Gbps 0x3f impl RAID mode
Feb 21 17:09:37 localhost kernel: ahci 0000:00:1f.2: flags: 64bit ncq sntf pm led clo pmp pio slum part ccc ems sxs 
Feb 21 17:09:37 localhost kernel: scsi0 : ahci
Feb 21 17:09:37 localhost kernel: scsi1 : ahci
Feb 21 17:09:37 localhost kernel: scsi2 : ahci
Feb 21 17:09:37 localhost kernel: scsi3 : ahci
Feb 21 17:09:37 localhost kernel: scsi4 : ahci
Feb 21 17:09:37 localhost kernel: scsi5 : ahci
Feb 21 17:09:37 localhost kernel: ata1: SATA max UDMA/133 abar m2048@0xdf0ff000 port 0xdf0ff100 irq 63
Feb 21 17:09:37 localhost kernel: ata2: SATA max UDMA/133 irq_stat 0x00400040, connection status changed irq 63
Feb 21 17:09:37 localhost kernel: ata3: SATA max UDMA/133 abar m2048@0xdf0ff000 port 0xdf0ff200 irq 63
Feb 21 17:09:37 localhost kernel: ata4: SATA max UDMA/133 abar m2048@0xdf0ff000 port 0xdf0ff280 irq 63
Feb 21 17:09:37 localhost kernel: ata5: SATA max UDMA/133 irq_stat 0x00400040, connection status changed irq 63
Feb 21 17:09:37 localhost kernel: ata6: SATA max UDMA/133 abar m2048@0xdf0ff000 port 0xdf0ff380 irq 63
Feb 21 17:09:37 localhost kernel: usb 1-3: new high speed USB device using ehci_hcd and address 2
Feb 21 17:09:37 localhost kernel: usb 1-3: New USB device found, idVendor=0424, idProduct=2514
Feb 21 17:09:37 localhost kernel: usb 1-3: New USB device strings: Mfr=0, Product=0, SerialNumber=0
Feb 21 17:09:37 localhost kernel: usb 1-3: configuration #1 chosen from 1 choice
Feb 21 17:09:37 localhost kernel: hub 1-3:1.0: USB hub found
Feb 21 17:09:37 localhost kernel: hub 1-3:1.0: 2 ports detected
Feb 21 17:09:37 localhost kernel: ata3: SATA link down (SStatus 0 SControl 300)
Feb 21 17:09:37 localhost kernel: ata4: SATA link down (SStatus 0 SControl 300)
Feb 21 17:09:37 localhost kernel: ata6: SATA link down (SStatus 0 SControl 300)
Feb 21 17:09:37 localhost kernel: ata1: SATA link up 3.0 Gbps (SStatus 123 SControl 300)
Feb 21 17:09:37 localhost kernel: ata1.00: ATA-8: ST500DM002-1BD142, KC44, max UDMA/133
Feb 21 17:09:37 localhost kernel: ata1.00: 976773168 sectors, multi 0: LBA48 NCQ (depth 31/32)
Feb 21 17:09:37 localhost kernel: ata1.00: configured for UDMA/133
Feb 21 17:09:37 localhost kernel: usb 1-3.1: new low speed USB device using ehci_hcd and address 3
Feb 21 17:09:37 localhost kernel: scsi 0:0:0:0: Direct-Access     ATA      ST500DM002-1BD14 KC44 PQ: 0 ANSI: 5
Feb 21 17:09:37 localhost kernel: usb 1-3.1: New USB device found, idVendor=093a, idProduct=2510
Feb 21 17:09:37 localhost kernel: usb 1-3.1: New USB device strings: Mfr=1, Product=2, SerialNumber=0
Feb 21 17:09:37 localhost kernel: usb 1-3.1: Product: USB Optical Mouse
Feb 21 17:09:37 localhost kernel: usb 1-3.1: Manufacturer: PixArt
Feb 21 17:09:37 localhost kernel: usb 1-3.1: configuration #1 chosen from 1 choice
Feb 21 17:09:37 localhost kernel: input: PixArt USB Optical Mouse as /devices/pci0000:00/0000:00:1a.7/usb1/1-3/1-3.1/1-3.1:1.0/input/input2
Feb 21 17:09:37 localhost kernel: generic-usb 0003:093A:2510.0001: input,hidraw0: USB HID v1.11 Mouse [PixArt USB Optical Mouse] on usb-0000:00:1a.7-3.1/input0
Feb 21 17:09:37 localhost kernel: usb 1-3.2: new low speed USB device using ehci_hcd and address 4
Feb 21 17:09:37 localhost kernel: usb 1-3.2: New USB device found, idVendor=413c, idProduct=2003
Feb 21 17:09:37 localhost kernel: usb 1-3.2: New USB device strings: Mfr=1, Product=2, SerialNumber=0
Feb 21 17:09:37 localhost kernel: usb 1-3.2: Product: Dell USB Keyboard
Feb 21 17:09:37 localhost kernel: usb 1-3.2: Manufacturer: Dell
Feb 21 17:09:37 localhost kernel: usb 1-3.2: configuration #1 chosen from 1 choice
Feb 21 17:09:37 localhost kernel: input: Dell Dell USB Keyboard as /devices/pci0000:00/0000:00:1a.7/usb1/1-3/1-3.2/1-3.2:1.0/input/input3
Feb 21 17:09:37 localhost kernel: generic-usb 0003:413C:2003.0002: input,hidraw1: USB HID v1.10 Keyboard [Dell Dell USB Keyboard] on usb-0000:00:1a.7-3.2/input0
Feb 21 17:09:37 localhost kernel: ata2: SATA link up 3.0 Gbps (SStatus 123 SControl 300)
Feb 21 17:09:37 localhost kernel: ata5: SATA link up 1.5 Gbps (SStatus 113 SControl 300)
Feb 21 17:09:37 localhost kernel: ata2.00: ATA-8: ST500DM002-1BD142, KC44, max UDMA/133
Feb 21 17:09:37 localhost kernel: ata2.00: 976773168 sectors, multi 0: LBA48 NCQ (depth 31/32)
Feb 21 17:09:37 localhost kernel: ata5.00: ATAPI: PLDS DVD-ROM DH-16D6SH, BD11, max UDMA/100, ATAPI AN
Feb 21 17:09:37 localhost kernel: ata2.00: configured for UDMA/133
Feb 21 17:09:37 localhost kernel: ata5.00: configured for UDMA/100
Feb 21 17:09:37 localhost kernel: scsi 1:0:0:0: Direct-Access     ATA      ST500DM002-1BD14 KC44 PQ: 0 ANSI: 5
Feb 21 17:09:37 localhost kernel: scsi 4:0:0:0: CD-ROM            PLDS     DVD-ROM DH-16D6S BD11 PQ: 0 ANSI: 5
Feb 21 17:09:37 localhost kernel: sd 1:0:0:0: [sdb] 976773168 512-byte logical blocks: (500 GB/465 GiB)
Feb 21 17:09:37 localhost kernel: sd 1:0:0:0: [sdb] 4096-byte physical blocks
Feb 21 17:09:37 localhost kernel: sd 0:0:0:0: [sda] 976773168 512-byte logical blocks: (500 GB/465 GiB)
Feb 21 17:09:37 localhost kernel: sd 0:0:0:0: [sda] 4096-byte physical blocks
Feb 21 17:09:37 localhost kernel: sd 1:0:0:0: [sdb] Write Protect is off
Feb 21 17:09:37 localhost kernel: sd 1:0:0:0: [sdb] Write cache: enabled, read cache: enabled, doesn't support DPO or FUA
Feb 21 17:09:37 localhost kernel: sd 0:0:0:0: [sda] Write Protect is off
Feb 21 17:09:37 localhost kernel: sd 0:0:0:0: [sda] Write cache: enabled, read cache: enabled, doesn't support DPO or FUA
Feb 21 17:09:37 localhost kernel: sdb:
Feb 21 17:09:37 localhost kernel: sda: sda1 sda2
Feb 21 17:09:37 localhost kernel: sd 0:0:0:0: [sda] Attached SCSI disk
Feb 21 17:09:37 localhost kernel:
Feb 21 17:09:37 localhost kernel: sd 1:0:0:0: [sdb] Attached SCSI disk
Feb 21 17:09:37 localhost kernel: sr0: scsi3-mmc drive: 48x/48x cd/rw xa/form2 cdda tray
Feb 21 17:09:37 localhost kernel: Uniform CD-ROM driver Revision: 3.20
Feb 21 17:09:37 localhost kernel: dracut: Scanning devices sda2  for LVM logical volumes VolGroup/lv_swap VolGroup/lv_root 
Feb 21 17:09:37 localhost kernel: dracut: inactive '/dev/VolGroup/lv_root' [50.00 GiB] inherit
Feb 21 17:09:37 localhost kernel: dracut: inactive '/dev/VolGroup/lv_home' [409.41 GiB] inherit
Feb 21 17:09:37 localhost kernel: dracut: inactive '/dev/VolGroup/lv_swap' [5.86 GiB] inherit
Feb 21 17:09:37 localhost kernel: EXT4-fs (dm-0): mounted filesystem with ordered data mode. Opts: 
Feb 21 17:09:37 localhost kernel: dracut: Mounted root filesystem /dev/mapper/VolGroup-lv_root
Feb 21 17:09:37 localhost kernel: dracut: Loading SELinux policy
Feb 21 17:09:37 localhost kernel: type=1404 audit(1361437768.114:2): enforcing=1 old_enforcing=0 auid=4294967295 ses=4294967295
Feb 21 17:09:37 localhost kernel: type=1403 audit(1361437768.749:3): policy loaded auid=4294967295 ses=4294967295
Feb 21 17:09:37 localhost kernel: dracut: 
Feb 21 17:09:37 localhost kernel: dracut: Switching root
Feb 21 17:09:37 localhost kernel: udev: starting version 147
Feb 21 17:09:37 localhost kernel: bnx2: Broadcom NetXtreme II Gigabit Ethernet Driver bnx2 v2.1.11 (July 20, 2011)
Feb 21 17:09:37 localhost kernel: bnx2 0000:01:00.0: PCI INT A -> GSI 36 (level, low) -> IRQ 36
Feb 21 17:09:37 localhost kernel: bnx2 0000:01:00.0: firmware: requesting bnx2/bnx2-mips-09-6.2.1a.fw
Feb 21 17:09:37 localhost kernel: bnx2 0000:01:00.0: firmware: requesting bnx2/bnx2-rv2p-09-6.0.17.fw
Feb 21 17:09:37 localhost kernel: bnx2 0000:01:00.0: eth0: Broadcom NetXtreme II BCM5716 1000Base-T (C0) PCI Express found at mem da000000, IRQ 36, node addr d4:ae:52:6f:9b:99
Feb 21 17:09:37 localhost kernel: bnx2 0000:01:00.1: PCI INT B -> GSI 48 (level, low) -> IRQ 48
Feb 21 17:09:37 localhost kernel: bnx2 0000:01:00.1: firmware: requesting bnx2/bnx2-mips-09-6.2.1a.fw
Feb 21 17:09:37 localhost kernel: bnx2 0000:01:00.1: firmware: requesting bnx2/bnx2-rv2p-09-6.0.17.fw
Feb 21 17:09:37 localhost kernel: bnx2 0000:01:00.1: eth1: Broadcom NetXtreme II BCM5716 1000Base-T (C0) PCI Express found at mem dc000000, IRQ 48, node addr d4:ae:52:6f:9b:9a
Feb 21 17:09:37 localhost kernel: EDAC MC: Ver: 2.1.0 Dec  6 2011
Feb 21 17:09:37 localhost kernel: iTCO_vendor_support: vendor-support=0
Feb 21 17:09:37 localhost kernel: iTCO_wdt: Intel TCO WatchDog Timer Driver v1.05
Feb 21 17:09:37 localhost kernel: iTCO_wdt: Found a ICH10R TCO device (Version=2, TCOBASE=0x0860)
Feb 21 17:09:37 localhost kernel: iTCO_wdt: initialized. heartbeat=30 sec (nowayout=0)
Feb 21 17:09:37 localhost kernel: sd 0:0:0:0: Attached scsi generic sg0 type 0
Feb 21 17:09:37 localhost kernel: sd 1:0:0:0: Attached scsi generic sg1 type 0
Feb 21 17:09:37 localhost kernel: sr 4:0:0:0: Attached scsi generic sg2 type 5
Feb 21 17:09:37 localhost kernel: udev: renamed network interface eth1 to em2
Feb 21 17:09:37 localhost kernel: dcdbas dcdbas: Dell Systems Management Base Driver (version 5.6.0-3.2)
Feb 21 17:09:37 localhost kernel: ACPI Error: No handler for Region [IPMI] (ffff88012d6a6420) [IPMI] (20090903/evregion-319)
Feb 21 17:09:37 localhost kernel: ACPI Error: Region IPMI(7) has no handler (20090903/exfldio-295)
Feb 21 17:09:37 localhost kernel: ACPI Error (psparse-0537): Method parse/execution failed [\_SB_.PMI0._GHL] (Node ffff88012d6a54c0), AE_NOT_EXIST
Feb 21 17:09:37 localhost kernel: ACPI Error (psparse-0537): Method parse/execution failed [\_SB_.PMI0._PMC] (Node ffff88012d6a5560), AE_NOT_EXIST
Feb 21 17:09:37 localhost kernel: ACPI Exception: AE_NOT_EXIST, Evaluating _PMC (20090903/power_meter-759)
Feb 21 17:09:37 localhost kernel: udev: renamed network interface eth0 to em1
Feb 21 17:09:37 localhost kernel: EXT4-fs (sda1): mounted filesystem with ordered data mode. Opts: 
Feb 21 17:09:37 localhost kernel: EXT4-fs (dm-2): mounted filesystem with ordered data mode. Opts: 
Feb 21 17:09:37 localhost kernel: Adding 6143992k swap on /dev/mapper/VolGroup-lv_swap.  Priority:-1 extents:1 across:6143992k 
Feb 21 17:09:37 localhost kernel: NET: Registered protocol family 10
Feb 21 17:09:37 localhost kernel: lo: Disabled Privacy Extensions
Feb 21 17:09:37 localhost kernel: ip6_tables: (C) 2000-2006 Netfilter Core Team
Feb 21 17:09:37 localhost kernel: nf_conntrack version 0.5.0 (16384 buckets, 65536 max)
Feb 21 17:09:37 localhost kernel: ip_tables: (C) 2000-2006 Netfilter Core Team
Feb 21 17:09:37 localhost dbus: avc:  netlink poll: error 4
Feb 21 17:09:40 localhost qpidd[1218]: 2013-02-21 17:09:40 notice Listening on TCP port 5672
Feb 21 17:09:40 localhost qpidd[1218]: 2013-02-21 17:09:40 notice SSL plugin not enabled, you must set --ssl-cert-db to enable it.
Feb 21 17:09:40 localhost qpidd[1218]: 2013-02-21 17:09:40 notice Broker running
Feb 21 17:10:26 localhost kernel: usb 1-3.1: USB disconnect, address 3
Feb 21 17:10:27 localhost kernel: usb 1-3.1: new low speed USB device using ehci_hcd and address 5
Feb 21 17:10:27 localhost kernel: usb 1-3.1: New USB device found, idVendor=093a, idProduct=2510
Feb 21 17:10:27 localhost kernel: usb 1-3.1: New USB device strings: Mfr=1, Product=2, SerialNumber=0
Feb 21 17:10:27 localhost kernel: usb 1-3.1: Product: USB Optical Mouse
Feb 21 17:10:27 localhost kernel: usb 1-3.1: Manufacturer: PixArt
Feb 21 17:10:27 localhost kernel: usb 1-3.1: configuration #1 chosen from 1 choice
Feb 21 17:10:27 localhost kernel: input: PixArt USB Optical Mouse as /devices/pci0000:00/0000:00:1a.7/usb1/1-3/1-3.1/1-3.1:1.0/input/input4
Feb 21 17:10:27 localhost kernel: generic-usb 0003:093A:2510.0003: input,hidraw0: USB HID v1.11 Mouse [PixArt USB Optical Mouse] on usb-0000:00:1a.7-3.1/input0
Feb 21 17:11:28 localhost kernel: usb 1-3.1: USB disconnect, address 5
Feb 21 17:11:29 localhost kernel: usb 1-3.1: new low speed USB device using ehci_hcd and address 6
Feb 21 17:11:29 localhost kernel: usb 1-3.1: New USB device found, idVendor=093a, idProduct=2510
Feb 21 17:11:29 localhost kernel: usb 1-3.1: New USB device strings: Mfr=1, Product=2, SerialNumber=0
Feb 21 17:11:29 localhost kernel: usb 1-3.1: Product: USB Optical Mouse
Feb 21 17:11:29 localhost kernel: usb 1-3.1: Manufacturer: PixArt
Feb 21 17:11:29 localhost kernel: usb 1-3.1: configuration #1 chosen from 1 choice
Feb 21 17:11:29 localhost kernel: input: PixArt USB Optical Mouse as /devices/pci0000:00/0000:00:1a.7/usb1/1-3/1-3.1/1-3.1:1.0/input/input5
Feb 21 17:11:29 localhost kernel: generic-usb 0003:093A:2510.0004: input,hidraw0: USB HID v1.11 Mouse [PixArt USB Optical Mouse] on usb-0000:00:1a.7-3.1/input0
Feb 21 17:12:29 localhost kernel: usb 1-3.1: USB disconnect, address 6
Feb 21 17:12:31 localhost kernel: usb 1-3.1: new low speed USB device using ehci_hcd and address 7
Feb 21 17:12:31 localhost kernel: usb 1-3.1: New USB device found, idVendor=093a, idProduct=2510
Feb 21 17:12:31 localhost kernel: usb 1-3.1: New USB device strings: Mfr=1, Product=2, SerialNumber=0
Feb 21 17:12:31 localhost kernel: usb 1-3.1: Product: USB Optical Mouse
Feb 21 17:12:31 localhost kernel: usb 1-3.1: Manufacturer: PixArt
Feb 21 17:12:31 localhost kernel: usb 1-3.1: configuration #1 chosen from 1 choice
Feb 21 17:12:31 localhost kernel: input: PixArt USB Optical Mouse as /devices/pci0000:00/0000:00:1a.7/usb1/1-3/1-3.1/1-3.1:1.0/input/input6
Feb 21 17:12:31 localhost kernel: generic-usb 0003:093A:2510.0005: input,hidraw0: USB HID v1.11 Mouse [PixArt USB Optical Mouse] on usb-0000:00:1a.7-3.1/input0
Feb 21 17:13:31 localhost kernel: usb 1-3.1: USB disconnect, address 7
Feb 21 17:13:32 localhost kernel: usb 1-3.1: new low speed USB device using ehci_hcd and address 8
Feb 21 17:13:33 localhost kernel: usb 1-3.1: New USB device found, idVendor=093a, idProduct=2510
Feb 21 17:13:33 localhost kernel: usb 1-3.1: New USB device strings: Mfr=1, Product=2, SerialNumber=0
Feb 21 17:13:33 localhost kernel: usb 1-3.1: Product: USB Optical Mouse
Feb 21 17:13:33 localhost kernel: usb 1-3.1: Manufacturer: PixArt
Feb 21 17:13:33 localhost kernel: usb 1-3.1: configuration #1 chosen from 1 choice
Feb 21 17:13:33 localhost kernel: input: PixArt USB Optical Mouse as /devices/pci0000:00/0000:00:1a.7/usb1/1-3/1-3.1/1-3.1:1.0/input/input7
Feb 21 17:13:33 localhost kernel: generic-usb 0003:093A:2510.0006: input,hidraw0: USB HID v1.11 Mouse [PixArt USB Optical Mouse] on usb-0000:00:1a.7-3.1/input0
Feb 21 17:14:33 localhost kernel: usb 1-3.1: USB disconnect, address 8
Feb 21 17:14:34 localhost kernel: usb 1-3.1: new low speed USB device using ehci_hcd and address 9
Feb 21 17:14:34 localhost kernel: usb 1-3.1: New USB device found, idVendor=093a, idProduct=2510
Feb 21 17:14:34 localhost kernel: usb 1-3.1: New USB device strings: Mfr=1, Product=2, SerialNumber=0
Feb 21 17:14:34 localhost kernel: usb 1-3.1: Product: USB Optical Mouse
Feb 21 17:14:34 localhost kernel: usb 1-3.1: Manufacturer: PixArt
Feb 21 17:14:34 localhost kernel: usb 1-3.1: configuration #1 chosen from 1 choice
Feb 21 17:14:34 localhost kernel: input: PixArt USB Optical Mouse as /devices/pci0000:00/0000:00:1a.7/usb1/1-3/1-3.1/1-3.1:1.0/input/input8
Feb 21 17:14:34 localhost kernel: generic-usb 0003:093A:2510.0007: input,hidraw0: USB HID v1.11 Mouse [PixArt USB Optical Mouse] on usb-0000:00:1a.7-3.1/input0
Feb 21 17:15:34 localhost kernel: usb 1-3.1: USB disconnect, address 9
Feb 21 17:15:36 localhost kernel: usb 1-3.1: new low speed USB device using ehci_hcd and address 10
Feb 21 17:15:36 localhost kernel: usb 1-3.1: New USB device found, idVendor=093a, idProduct=2510
Feb 21 17:15:36 localhost kernel: usb 1-3.1: New USB device strings: Mfr=1, Product=2, SerialNumber=0
Feb 21 17:15:36 localhost kernel: usb 1-3.1: Product: USB Optical Mouse
Feb 21 17:15:36 localhost kernel: usb 1-3.1: Manufacturer: PixArt
Feb 21 17:15:36 localhost kernel: usb 1-3.1: configuration #1 chosen from 1 choice
Feb 21 17:15:36 localhost kernel: input: PixArt USB Optical Mouse as /devices/pci0000:00/0000:00:1a.7/usb1/1-3/1-3.1/1-3.1:1.0/input/input9
Feb 21 17:15:36 localhost kernel: generic-usb 0003:093A:2510.0008: input,hidraw0: USB HID v1.11 Mouse [PixArt USB Optical Mouse] on usb-0000:00:1a.7-3.1/input0
Feb 21 17:16:36 localhost kernel: usb 1-3.1: USB disconnect, address 10
Feb 21 17:16:38 localhost kernel: usb 1-3.1: new low speed USB device using ehci_hcd and address 11
Feb 21 17:16:38 localhost kernel: usb 1-3.1: New USB device found, idVendor=093a, idProduct=2510
Feb 21 17:16:38 localhost kernel: usb 1-3.1: New USB device strings: Mfr=1, Product=2, SerialNumber=0
Feb 21 17:16:38 localhost kernel: usb 1-3.1: Product: USB Optical Mouse
Feb 21 17:16:38 localhost kernel: usb 1-3.1: Manufacturer: PixArt
Feb 21 17:16:38 localhost kernel: usb 1-3.1: configuration #1 chosen from 1 choice
Feb 21 17:16:38 localhost kernel: input: PixArt USB Optical Mouse as /devices/pci0000:00/0000:00:1a.7/usb1/1-3/1-3.1/1-3.1:1.0/input/input10
Feb 21 17:16:38 localhost kernel: generic-usb 0003:093A:2510.0009: input,hidraw0: USB HID v1.11 Mouse [PixArt USB Optical Mouse] on usb-0000:00:1a.7-3.1/input0
Feb 21 17:16:58 localhost init: tty (/dev/tty2) main process (1262) killed by TERM signal
Feb 21 17:16:58 localhost init: tty (/dev/tty3) main process (1264) killed by TERM signal
Feb 21 17:16:58 localhost init: tty (/dev/tty4) main process (1266) killed by TERM signal
Feb 21 17:16:58 localhost init: tty (/dev/tty5) main process (1268) killed by TERM signal
Feb 21 17:16:58 localhost init: tty (/dev/tty6) main process (1270) killed by TERM signal
Feb 21 17:16:58 localhost qpidd[1218]: 2013-02-21 17:16:58 notice Shut down
Feb 21 17:16:58 localhost init: Disconnected from system bus
Feb 21 17:16:58 localhost console-kit-daemon[1285]: WARNING: no sender#012
Feb 21 17:16:58 localhost auditd[1047]: The audit daemon is exiting.
Feb 21 17:16:58 localhost kernel: type=1305 audit(1361438218.967:44): audit_pid=0 old=1047 auid=4294967295 ses=4294967295 subj=system_u:system_r:auditd_t:s0 res=1
Feb 21 17:16:59 localhost kernel: type=1305 audit(1361438219.069:45): audit_enabled=0 old=1 auid=4294967295 ses=4294967295 subj=system_u:system_r:auditctl_t:s0 res=1
Feb 21 17:16:59 localhost kernel: Kernel logging (proc) stopped.
Feb 21 17:16:59 localhost rsyslogd: [origin software="rsyslogd" swVersion="4.6.2" x-pid="1063" x-info="http://www.rsyslog.com"] exiting on signal 15.
Feb 21 17:18:20 localhost kernel: imklog 4.6.2, log source = /proc/kmsg started.
Feb 21 17:18:20 localhost rsyslogd: [origin software="rsyslogd" swVersion="4.6.2" x-pid="938" x-info="http://www.rsyslog.com"] (re)start
Feb 21 17:18:20 localhost kernel: Initializing cgroup subsys cpuset
Feb 21 17:18:20 localhost kernel: Initializing cgroup subsys cpu
Feb 21 17:18:20 localhost kernel: Linux version 2.6.32-220.el6.x86_64 (mockbuild@c6b18n3.bsys.dev.centos.org) (gcc version 4.4.6 20110731 (Red Hat 4.4.6-3) (GCC) ) #1 SMP Tue Dec 6 19:48:22 GMT 2011
Feb 21 17:18:20 localhost kernel: Command line: ro root=/dev/mapper/VolGroup-lv_root nomodeset rd_NO_LUKS LANG=en_US.UTF-8 rd_NO_MD rd_LVM_LV=VolGroup/lv_swap SYSFONT=latarcyrheb-sun16 rhgb crashkernel=auto quiet rd_LVM_LV=VolGroup/lv_root  KEYBOARDTYPE=pc KEYTABLE=us rd_NO_DM
Feb 21 17:18:20 localhost kernel: KERNEL supported cpus:
Feb 21 17:18:20 localhost kernel:  Intel GenuineIntel
Feb 21 17:18:20 localhost kernel:  AMD AuthenticAMD
Feb 21 17:18:20 localhost kernel:  Centaur CentaurHauls
Feb 21 17:18:20 localhost kernel: BIOS-provided physical RAM map:
Feb 21 17:18:20 localhost kernel: BIOS-e820: 0000000000000000 - 00000000000a0000 (usable)
Feb 21 17:18:20 localhost kernel: BIOS-e820: 0000000000100000 - 00000000cf379000 (usable)
Feb 21 17:18:20 localhost kernel: BIOS-e820: 00000000cf379000 - 00000000cf38f000 (reserved)
Feb 21 17:18:20 localhost kernel: BIOS-e820: 00000000cf38f000 - 00000000cf3ce000 (ACPI data)
Feb 21 17:18:20 localhost kernel: BIOS-e820: 00000000cf3ce000 - 00000000d0000000 (reserved)
Feb 21 17:18:20 localhost kernel: BIOS-e820: 00000000e0000000 - 00000000f0000000 (reserved)
Feb 21 17:18:20 localhost kernel: BIOS-e820: 00000000fe000000 - 0000000100000000 (reserved)
Feb 21 17:18:20 localhost kernel: BIOS-e820: 0000000100000000 - 0000000130000000 (usable)
Feb 21 17:18:20 localhost kernel: DMI 2.6 present.
Feb 21 17:18:20 localhost kernel: SMBIOS version 2.6 @ 0xFCAC0
Feb 21 17:18:20 localhost kernel: last_pfn = 0x130000 max_arch_pfn = 0x400000000
Feb 21 17:18:20 localhost kernel: x86 PAT enabled: cpu 0, old 0x7040600070406, new 0x7010600070106
Feb 21 17:18:20 localhost kernel: last_pfn = 0xcf379 max_arch_pfn = 0x400000000
Feb 21 17:18:20 localhost kernel: init_memory_mapping: 0000000000000000-00000000cf379000
Feb 21 17:18:20 localhost kernel: init_memory_mapping: 0000000100000000-0000000130000000
Feb 21 17:18:20 localhost kernel: RAMDISK: 37216000 - 37fef78d
Feb 21 17:18:20 localhost kernel: ACPI: RSDP 00000000000f1090 00024 (v02 DELL  )
Feb 21 17:18:20 localhost kernel: ACPI: XSDT 00000000000f1194 0009C (v01 DELL   PE_SC3   00000001 DELL 00000001)
Feb 21 17:18:20 localhost kernel: ACPI: FACP 00000000cf3b3f9c 000F4 (v03 DELL   PE_SC3   00000001 DELL 00000001)
Feb 21 17:18:20 localhost kernel: ACPI: DSDT 00000000cf38f000 03B51 (v01 DELL   PE_SC3   00000001 INTL 20050624)
Feb 21 17:18:20 localhost kernel: ACPI: FACS 00000000cf3b6000 00040
Feb 21 17:18:20 localhost kernel: ACPI: APIC 00000000cf3b3478 0015E (v01 DELL   PE_SC3   00000001 DELL 00000001)
Feb 21 17:18:20 localhost kernel: ACPI: SPCR 00000000cf3b35d8 00050 (v01 DELL   PE_SC3   00000001 DELL 00000001)
Feb 21 17:18:20 localhost kernel: ACPI: HPET 00000000cf3b362c 00038 (v01 DELL   PE_SC3   00000001 DELL 00000001)
Feb 21 17:18:20 localhost kernel: ACPI: DMAR 00000000cf3b3668 001D0 (v01 DELL   PE_SC3   00000001 DELL 00000001)
Feb 21 17:18:20 localhost kernel: ACPI: MCFG 00000000cf3b38c4 0003C (v01 DELL   PE_SC3   00000001 DELL 00000001)
Feb 21 17:18:20 localhost kernel: ACPI: WD__ 00000000cf3b3904 00134 (v01 DELL   PE_SC3   00000001 DELL 00000001)
Feb 21 17:18:20 localhost kernel: ACPI: SLIC 00000000cf3b3a3c 00024 (v01 DELL   PE_SC3   00000001 DELL 00000001)
Feb 21 17:18:20 localhost kernel: ACPI: ERST 00000000cf392cd4 00270 (v01 DELL   PE_SC3   00000001 DELL 00000001)
Feb 21 17:18:20 localhost kernel: ACPI: HEST 00000000cf392f44 003A8 (v01 DELL   PE_SC3   00000001 DELL 00000001)
Feb 21 17:18:20 localhost kernel: ACPI: BERT 00000000cf392b54 00030 (v01 DELL   PE_SC3   00000001 DELL 00000001)
Feb 21 17:18:20 localhost kernel: ACPI: EINJ 00000000cf392b84 00150 (v01 DELL   PE_SC3   00000001 DELL 00000001)
Feb 21 17:18:20 localhost kernel: ACPI: SRAT 00000000cf3b3bc0 00370 (v01 DELL   PE_SC3   00000001 DELL 00000001)
Feb 21 17:18:20 localhost kernel: ACPI: TCPA 00000000cf3b3f34 00064 (v02 DELL   PE_SC3   00000001 DELL 00000001)
Feb 21 17:18:20 localhost kernel: ACPI: SSDT 00000000cf3b7000 00F8C (v01  INTEL PPM RCM  80000001 INTL 20061109)
Feb 21 17:18:20 localhost kernel: SRAT: PXM 1 -> APIC 16 -> Node 0
Feb 21 17:18:20 localhost kernel: SRAT: PXM 1 -> APIC 18 -> Node 0
Feb 21 17:18:20 localhost kernel: SRAT: PXM 1 -> APIC 20 -> Node 0
Feb 21 17:18:20 localhost kernel: SRAT: PXM 1 -> APIC 22 -> Node 0
Feb 21 17:18:20 localhost kernel: SRAT: Node 0 PXM 1 0-d0000000
Feb 21 17:18:20 localhost kernel: SRAT: Node 0 PXM 1 100000000-130000000
Feb 21 17:18:20 localhost kernel: Bootmem setup node 0 0000000000000000-0000000130000000
Feb 21 17:18:20 localhost kernel:  NODE_DATA [000000000000d000 - 0000000000040fff]
Feb 21 17:18:20 localhost kernel:  bootmap [0000000000041000 -  0000000000066fff] pages 26
Feb 21 17:18:20 localhost kernel: (8 early reservations) ==> bootmem [0000000000 - 0130000000]
Feb 21 17:18:20 localhost kernel:  #0 [0000000000 - 0000001000]   BIOS data page ==> [0000000000 - 0000001000]
Feb 21 17:18:20 localhost kernel:  #1 [0000006000 - 0000008000]       TRAMPOLINE ==> [0000006000 - 0000008000]
Feb 21 17:18:20 localhost kernel:  #2 [0001000000 - 000200c7e4]    TEXT DATA BSS ==> [0001000000 - 000200c7e4]
Feb 21 17:18:20 localhost kernel:  #3 [0037216000 - 0037fef78d]          RAMDISK ==> [0037216000 - 0037fef78d]
Feb 21 17:18:20 localhost kernel:  #4 [0000099800 - 0000100000]    BIOS reserved ==> [0000099800 - 0000100000]
Feb 21 17:18:20 localhost kernel:  #5 [000200d000 - 000200d461]              BRK ==> [000200d000 - 000200d461]
Feb 21 17:18:20 localhost kernel:  #6 [0000008000 - 000000c000]          PGTABLE ==> [0000008000 - 000000c000]
Feb 21 17:18:20 localhost kernel:  #7 [000000c000 - 000000d000]          PGTABLE ==> [000000c000 - 000000d000]
Feb 21 17:18:20 localhost kernel: found SMP MP-table at [ffff8800000fe710] fe710
Feb 21 17:18:20 localhost kernel: Reserving 129MB of memory at 48MB for crashkernel (System RAM: 4864MB)
Feb 21 17:18:20 localhost kernel: Zone PFN ranges:
Feb 21 17:18:20 localhost kernel:  DMA      0x00000001 -> 0x00001000
Feb 21 17:18:20 localhost kernel:  DMA32    0x00001000 -> 0x00100000
Feb 21 17:18:20 localhost kernel:  Normal   0x00100000 -> 0x00130000
Feb 21 17:18:20 localhost kernel: Movable zone start PFN for each node
Feb 21 17:18:20 localhost kernel: early_node_map[3] active PFN ranges
Feb 21 17:18:20 localhost kernel:    0: 0x00000001 -> 0x000000a0
Feb 21 17:18:20 localhost kernel:    0: 0x00000100 -> 0x000cf379
Feb 21 17:18:20 localhost kernel:    0: 0x00100000 -> 0x00130000
Feb 21 17:18:20 localhost kernel: ACPI: PM-Timer IO Port: 0x808
Feb 21 17:18:20 localhost kernel: ACPI: LAPIC (acpi_id[0x01] lapic_id[0x10] enabled)
Feb 21 17:18:20 localhost kernel: ACPI: LAPIC (acpi_id[0x02] lapic_id[0x12] enabled)
Feb 21 17:18:20 localhost kernel: ACPI: LAPIC (acpi_id[0x03] lapic_id[0x14] enabled)
Feb 21 17:18:20 localhost kernel: ACPI: LAPIC (acpi_id[0x04] lapic_id[0x16] enabled)
Feb 21 17:18:20 localhost kernel: ACPI: LAPIC (acpi_id[0x05] lapic_id[0xff] disabled)
Feb 21 17:18:20 localhost kernel: ACPI: LAPIC (acpi_id[0x06] lapic_id[0xff] disabled)
Feb 21 17:18:20 localhost kernel: ACPI: LAPIC (acpi_id[0x07] lapic_id[0xff] disabled)
Feb 21 17:18:20 localhost kernel: ACPI: LAPIC (acpi_id[0x08] lapic_id[0xff] disabled)
Feb 21 17:18:20 localhost kernel: ACPI: LAPIC (acpi_id[0x09] lapic_id[0xff] disabled)
Feb 21 17:18:20 localhost kernel: ACPI: LAPIC (acpi_id[0x0a] lapic_id[0xff] disabled)
Feb 21 17:18:20 localhost kernel: ACPI: LAPIC (acpi_id[0x0b] lapic_id[0xff] disabled)
Feb 21 17:18:20 localhost kernel: ACPI: LAPIC (acpi_id[0x0c] lapic_id[0xff] disabled)
Feb 21 17:18:20 localhost kernel: ACPI: LAPIC (acpi_id[0x0d] lapic_id[0xff] disabled)
Feb 21 17:18:20 localhost kernel: ACPI: LAPIC (acpi_id[0x0e] lapic_id[0xff] disabled)
Feb 21 17:18:20 localhost kernel: ACPI: LAPIC (acpi_id[0x0f] lapic_id[0xff] disabled)
Feb 21 17:18:20 localhost kernel: ACPI: LAPIC (acpi_id[0x10] lapic_id[0xff] disabled)
Feb 21 17:18:20 localhost kernel: ACPI: LAPIC (acpi_id[0x11] lapic_id[0xff] disabled)
Feb 21 17:18:20 localhost kernel: ACPI: LAPIC (acpi_id[0x12] lapic_id[0xff] disabled)
Feb 21 17:18:20 localhost kernel: ACPI: LAPIC (acpi_id[0x13] lapic_id[0xff] disabled)
Feb 21 17:18:20 localhost kernel: ACPI: LAPIC (acpi_id[0x14] lapic_id[0xff] disabled)
Feb 21 17:18:20 localhost kernel: ACPI: LAPIC (acpi_id[0x15] lapic_id[0xff] disabled)
Feb 21 17:18:20 localhost kernel: ACPI: LAPIC (acpi_id[0x16] lapic_id[0xff] disabled)
Feb 21 17:18:20 localhost kernel: ACPI: LAPIC (acpi_id[0x17] lapic_id[0xff] disabled)
Feb 21 17:18:20 localhost kernel: ACPI: LAPIC (acpi_id[0x18] lapic_id[0xff] disabled)
Feb 21 17:18:20 localhost kernel: ACPI: LAPIC (acpi_id[0x19] lapic_id[0xff] disabled)
Feb 21 17:18:20 localhost kernel: ACPI: LAPIC (acpi_id[0x1a] lapic_id[0xff] disabled)
Feb 21 17:18:20 localhost kernel: ACPI: LAPIC (acpi_id[0x1b] lapic_id[0xff] disabled)
Feb 21 17:18:20 localhost kernel: ACPI: LAPIC (acpi_id[0x1c] lapic_id[0xff] disabled)
Feb 21 17:18:20 localhost kernel: ACPI: LAPIC (acpi_id[0x1d] lapic_id[0xff] disabled)
Feb 21 17:18:20 localhost kernel: ACPI: LAPIC (acpi_id[0x1e] lapic_id[0xff] disabled)
Feb 21 17:18:20 localhost kernel: ACPI: LAPIC (acpi_id[0x1f] lapic_id[0xff] disabled)
Feb 21 17:18:20 localhost kernel: ACPI: LAPIC (acpi_id[0x20] lapic_id[0xff] disabled)
Feb 21 17:18:20 localhost kernel: ACPI: LAPIC_NMI (acpi_id[0xff] high edge lint[0x1])
Feb 21 17:18:20 localhost kernel: ACPI: IOAPIC (id[0x00] address[0xfec00000] gsi_base[0])
Feb 21 17:18:20 localhost kernel: IOAPIC[0]: apic_id 0, version 32, address 0xfec00000, GSI 0-23
Feb 21 17:18:20 localhost kernel: ACPI: IOAPIC (id[0x01] address[0xfec80000] gsi_base[32])
Feb 21 17:18:20 localhost kernel: IOAPIC[1]: apic_id 1, version 32, address 0xfec80000, GSI 32-55
Feb 21 17:18:20 localhost kernel: ACPI: INT_SRC_OVR (bus 0 bus_irq 0 global_irq 2 dfl dfl)
Feb 21 17:18:20 localhost kernel: ACPI: INT_SRC_OVR (bus 0 bus_irq 9 global_irq 9 high level)
Feb 21 17:18:20 localhost kernel: Using ACPI (MADT) for SMP configuration information
Feb 21 17:18:20 localhost kernel: ACPI: HPET id: 0x8086a301 base: 0xfed00000
Feb 21 17:18:20 localhost kernel: SMP: Allowing 32 CPUs, 28 hotplug CPUs
Feb 21 17:18:20 localhost kernel: PM: Registered nosave memory: 00000000000a0000 - 0000000000100000
Feb 21 17:18:20 localhost kernel: PM: Registered nosave memory: 00000000cf379000 - 00000000cf38f000
Feb 21 17:18:20 localhost kernel: PM: Registered nosave memory: 00000000cf38f000 - 00000000cf3ce000
Feb 21 17:18:20 localhost kernel: PM: Registered nosave memory: 00000000cf3ce000 - 00000000d0000000
Feb 21 17:18:20 localhost kernel: PM: Registered nosave memory: 00000000d0000000 - 00000000e0000000
Feb 21 17:18:20 localhost kernel: PM: Registered nosave memory: 00000000e0000000 - 00000000f0000000
Feb 21 17:18:20 localhost kernel: PM: Registered nosave memory: 00000000f0000000 - 00000000fe000000
Feb 21 17:18:20 localhost kernel: PM: Registered nosave memory: 00000000fe000000 - 0000000100000000
Feb 21 17:18:20 localhost kernel: Allocating PCI resources starting at d0000000 (gap: d0000000:10000000)
Feb 21 17:18:20 localhost kernel: Booting paravirtualized kernel on bare hardware
Feb 21 17:18:20 localhost kernel: NR_CPUS:4096 nr_cpumask_bits:32 nr_cpu_ids:32 nr_node_ids:1
Feb 21 17:18:20 localhost kernel: PERCPU: Embedded 30 pages/cpu @ffff88002c000000 s92696 r8192 d21992 u131072
Feb 21 17:18:20 localhost kernel: pcpu-alloc: s92696 r8192 d21992 u131072 alloc=1*2097152
Feb 21 17:18:20 localhost kernel: pcpu-alloc: [0] 00 01 02 03 04 05 06 07 08 09 10 11 12 13 14 15 
Feb 21 17:18:20 localhost kernel: pcpu-alloc: [0] 16 17 18 19 20 21 22 23 24 25 26 27 28 29 30 31 
Feb 21 17:18:20 localhost kernel: Built 1 zonelists in Node order, mobility grouping on.  Total pages: 1028138
Feb 21 17:18:20 localhost kernel: Policy zone: Normal
Feb 21 17:18:20 localhost kernel: Kernel command line: ro root=/dev/mapper/VolGroup-lv_root nomodeset rd_NO_LUKS LANG=en_US.UTF-8 rd_NO_MD rd_LVM_LV=VolGroup/lv_swap SYSFONT=latarcyrheb-sun16 rhgb crashkernel=129M@0M quiet rd_LVM_LV=VolGroup/lv_root  KEYBOARDTYPE=pc KEYTABLE=us rd_NO_DM
Feb 21 17:18:20 localhost kernel: PID hash table entries: 4096 (order: 3, 32768 bytes)
Feb 21 17:18:20 localhost kernel: Checking aperture...
Feb 21 17:18:20 localhost kernel: No AGP bridge found
Feb 21 17:18:20 localhost kernel: PCI-DMA: Using software bounce buffering for IO (SWIOTLB)
Feb 21 17:18:20 localhost kernel: Placing 64MB software IO TLB between ffff880020000000 - ffff880024000000
Feb 21 17:18:20 localhost kernel: software IO TLB at phys 0x20000000 - 0x24000000
Feb 21 17:18:20 localhost kernel: Memory: 3888544k/4980736k available (5084k kernel code, 799648k absent, 292544k reserved, 7229k data, 1244k init)
Feb 21 17:18:20 localhost kernel: Hierarchical RCU implementation.
Feb 21 17:18:20 localhost kernel: NR_IRQS:33024 nr_irqs:1208
Feb 21 17:18:20 localhost kernel: Extended CMOS year: 2000
Feb 21 17:18:20 localhost kernel: Console: colour VGA+ 80x25
Feb 21 17:18:20 localhost kernel: console [tty0] enabled
Feb 21 17:18:20 localhost kernel: allocated 33554432 bytes of page_cgroup
Feb 21 17:18:20 localhost kernel: please try 'cgroup_disable=memory' option if you don't want memory cgroups
Feb 21 17:18:20 localhost kernel: HPET: 4 timers in total, 0 timers will be used for per-cpu timer
Feb 21 17:18:20 localhost kernel: Fast TSC calibration using PIT
Feb 21 17:18:20 localhost kernel: Detected 2128.400 MHz processor.
Feb 21 17:18:20 localhost kernel: Calibrating delay loop (skipped), value calculated using timer frequency.. 4256.80 BogoMIPS (lpj=2128400)
Feb 21 17:18:20 localhost kernel: pid_max: default: 32768 minimum: 301
Feb 21 17:18:20 localhost kernel: Security Framework initialized
Feb 21 17:18:20 localhost kernel: SELinux:  Initializing.
Feb 21 17:18:20 localhost kernel: Dentry cache hash table entries: 524288 (order: 10, 4194304 bytes)
Feb 21 17:18:20 localhost kernel: Inode-cache hash table entries: 262144 (order: 9, 2097152 bytes)
Feb 21 17:18:20 localhost kernel: Mount-cache hash table entries: 256
Feb 21 17:18:20 localhost kernel: Initializing cgroup subsys ns
Feb 21 17:18:20 localhost kernel: Initializing cgroup subsys cpuacct
Feb 21 17:18:20 localhost kernel: Initializing cgroup subsys memory
Feb 21 17:18:20 localhost kernel: Initializing cgroup subsys devices
Feb 21 17:18:20 localhost kernel: Initializing cgroup subsys freezer
Feb 21 17:18:20 localhost kernel: Initializing cgroup subsys net_cls
Feb 21 17:18:20 localhost kernel: Initializing cgroup subsys blkio
Feb 21 17:18:20 localhost kernel: Initializing cgroup subsys perf_event
Feb 21 17:18:20 localhost kernel: CPU: Physical Processor ID: 1
Feb 21 17:18:20 localhost kernel: CPU: Processor Core ID: 0
Feb 21 17:18:20 localhost kernel: mce: CPU supports 9 MCE banks
Feb 21 17:18:20 localhost kernel: CPU0: Thermal monitoring enabled (TM1)
Feb 21 17:18:20 localhost kernel: using mwait in idle threads.
Feb 21 17:18:20 localhost kernel: ACPI: Core revision 20090903
Feb 21 17:18:20 localhost kernel: ftrace: converting mcount calls to 0f 1f 44 00 00
Feb 21 17:18:20 localhost kernel: ftrace: allocating 20776 entries in 82 pages
Feb 21 17:18:20 localhost kernel: DMAR: Host address width 40
Feb 21 17:18:20 localhost kernel: DMAR: DRHD base: 0x000000fed90000 flags: 0x1
Feb 21 17:18:20 localhost kernel: IOMMU fed90000: ver 1:0 cap c90780106f0462 ecap f020fe
Feb 21 17:18:20 localhost kernel: DMAR: RMRR base: 0x000000cf4c8000 end: 0x000000cf4dffff
Feb 21 17:18:20 localhost kernel: DMAR: RMRR base: 0x000000cf4b1000 end: 0x000000cf4bffff
Feb 21 17:18:20 localhost kernel: DMAR: RMRR base: 0x000000cf4a1000 end: 0x000000cf4a1fff
Feb 21 17:18:20 localhost kernel: DMAR: RMRR base: 0x000000cf4a3000 end: 0x000000cf4a3fff
Feb 21 17:18:20 localhost kernel: DMAR: RMRR base: 0x000000cf4a5000 end: 0x000000cf4a5fff
Feb 21 17:18:20 localhost kernel: DMAR: RMRR base: 0x000000cf4a7000 end: 0x000000cf4a7fff
Feb 21 17:18:20 localhost kernel: DMAR: RMRR base: 0x000000cf4a9000 end: 0x000000cf4a9fff
Feb 21 17:18:20 localhost kernel: DMAR: RMRR base: 0x000000cf4c0000 end: 0x000000cf4c0fff
Feb 21 17:18:20 localhost kernel: DMAR: RMRR base: 0x000000cf4c2000 end: 0x000000cf4c2fff
Feb 21 17:18:20 localhost kernel: DMAR: ATSR flags: 0x0
Feb 21 17:18:20 localhost kernel: IOAPIC id 0 under DRHD base 0xfed90000
Feb 21 17:18:20 localhost kernel: IOAPIC id 1 under DRHD base 0xfed90000
Feb 21 17:18:20 localhost kernel: Enabled IRQ remapping in xapic mode
Feb 21 17:18:20 localhost kernel: Setting APIC routing to physical flat
Feb 21 17:18:20 localhost kernel: ..TIMER: vector=0x30 apic1=0 pin1=2 apic2=-1 pin2=-1
Feb 21 17:18:20 localhost kernel: CPU0: Intel(R) Xeon(R) CPU           E5506  @ 2.13GHz stepping 05
Feb 21 17:18:20 localhost kernel: Performance Events: PEBS fmt1+, erratum AAJ80 worked around, Nehalem events, Intel PMU driver.
Feb 21 17:18:20 localhost kernel: ... version:                3
Feb 21 17:18:20 localhost kernel: ... bit width:              48
Feb 21 17:18:20 localhost kernel: ... generic registers:      4
Feb 21 17:18:20 localhost kernel: ... value mask:             0000ffffffffffff
Feb 21 17:18:20 localhost kernel: ... max period:             000000007fffffff
Feb 21 17:18:20 localhost kernel: ... fixed-purpose events:   3
Feb 21 17:18:20 localhost kernel: ... event mask:             000000070000000f
Feb 21 17:18:20 localhost kernel: NMI watchdog enabled, takes one hw-pmu counter.
Feb 21 17:18:20 localhost kernel: Booting Node   0, Processors  #1 #2 #3
Feb 21 17:18:20 localhost kernel: Brought up 4 CPUs
Feb 21 17:18:20 localhost kernel: Total of 4 processors activated (17022.61 BogoMIPS).
Feb 21 17:18:20 localhost kernel: devtmpfs: initialized
Feb 21 17:18:20 localhost kernel: regulator: core version 0.5
Feb 21 17:18:20 localhost kernel: NET: Registered protocol family 16
Feb 21 17:18:20 localhost kernel: ACPI FADT declares the system doesn't support PCIe ASPM, so disable it
Feb 21 17:18:20 localhost kernel: ACPI: bus type pci registered
Feb 21 17:18:20 localhost kernel: PCI: MCFG configuration 0: base e0000000 segment 0 buses 0 - 255
Feb 21 17:18:20 localhost kernel: PCI: MCFG area at e0000000 reserved in E820
Feb 21 17:18:20 localhost kernel: PCI: Using MMCONFIG at e0000000 - efffffff
Feb 21 17:18:20 localhost kernel: PCI: Using configuration type 1 for base access
Feb 21 17:18:20 localhost kernel: bio: create slab <bio-0> at 0
Feb 21 17:18:20 localhost kernel: ACPI: BIOS _OSI(Linux) query ignored
Feb 21 17:18:20 localhost kernel: ACPI: Interpreter enabled
Feb 21 17:18:20 localhost kernel: ACPI: (supports S0 S4 S5)
Feb 21 17:18:20 localhost kernel: ACPI: Using IOAPIC for interrupt routing
Feb 21 17:18:20 localhost kernel: ACPI: No dock devices found.
Feb 21 17:18:20 localhost kernel: HEST: Table parsing has been initialized.
Feb 21 17:18:20 localhost kernel: ACPI: PCI Root Bridge [PCI0] (0000:00)
Feb 21 17:18:20 localhost kernel: pci 0000:00:00.0: PME# supported from D0 D3hot D3cold
Feb 21 17:18:20 localhost kernel: pci 0000:00:00.0: PME# disabled
Feb 21 17:18:20 localhost kernel: pci 0000:00:01.0: PME# supported from D0 D3hot D3cold
Feb 21 17:18:20 localhost kernel: pci 0000:00:01.0: PME# disabled
Feb 21 17:18:20 localhost kernel: pci 0000:00:03.0: PME# supported from D0 D3hot D3cold
Feb 21 17:18:20 localhost kernel: pci 0000:00:03.0: PME# disabled
Feb 21 17:18:20 localhost kernel: pci 0000:00:07.0: PME# supported from D0 D3hot D3cold
Feb 21 17:18:20 localhost kernel: pci 0000:00:07.0: PME# disabled
Feb 21 17:18:20 localhost kernel: pci 0000:00:09.0: PME# supported from D0 D3hot D3cold
Feb 21 17:18:20 localhost kernel: pci 0000:00:09.0: PME# disabled
Feb 21 17:18:20 localhost kernel: pci 0000:00:0a.0: PME# supported from D0 D3hot D3cold
Feb 21 17:18:20 localhost kernel: pci 0000:00:0a.0: PME# disabled
Feb 21 17:18:20 localhost kernel: pci 0000:00:1a.7: PME# supported from D0 D3hot D3cold
Feb 21 17:18:20 localhost kernel: pci 0000:00:1a.7: PME# disabled
Feb 21 17:18:20 localhost kernel: pci 0000:00:1c.0: PME# supported from D0 D3hot D3cold
Feb 21 17:18:20 localhost kernel: pci 0000:00:1c.0: PME# disabled
Feb 21 17:18:20 localhost kernel: pci 0000:00:1d.7: PME# supported from D0 D3hot D3cold
Feb 21 17:18:20 localhost kernel: pci 0000:00:1d.7: PME# disabled
Feb 21 17:18:20 localhost kernel: pci 0000:00:1f.0: quirk: region 0800-087f claimed by ICH6 ACPI/GPIO/TCO
Feb 21 17:18:20 localhost kernel: pci 0000:00:1f.0: quirk: region 0880-08bf claimed by ICH6 GPIO
Feb 21 17:18:20 localhost kernel: pci 0000:00:1f.0: ICH7 LPC Generic IO decode 1 PIO at 0c00 (mask 007f)
Feb 21 17:18:20 localhost kernel: pci 0000:00:1f.0: ICH7 LPC Generic IO decode 2 PIO at 0ca0 (mask 000f)
Feb 21 17:18:20 localhost kernel: pci 0000:00:1f.0: ICH7 LPC Generic IO decode 3 PIO at 00e0 (mask 000f)
Feb 21 17:18:20 localhost kernel: pci 0000:00:1f.2: PME# supported from D3hot
Feb 21 17:18:20 localhost kernel: pci 0000:00:1f.2: PME# disabled
Feb 21 17:18:20 localhost kernel: pci 0000:01:00.0: PME# supported from D0 D3hot D3cold
Feb 21 17:18:20 localhost kernel: pci 0000:01:00.0: PME# disabled
Feb 21 17:18:20 localhost kernel: pci 0000:01:00.1: PME# supported from D0 D3hot D3cold
Feb 21 17:18:20 localhost kernel: pci 0000:01:00.1: PME# disabled
Feb 21 17:18:20 localhost kernel: pci 0000:00:1e.0: transparent bridge
Feb 21 17:18:20 localhost kernel: pci0000:00: Requesting ACPI _OSC control (0x15)
Feb 21 17:18:20 localhost kernel: pci0000:00: ACPI _OSC control (0x15) granted
Feb 21 17:18:20 localhost kernel: ACPI: PCI Interrupt Link [LK00] (IRQs 3 4 5 6 7 10 11 14 *15)
Feb 21 17:18:20 localhost kernel: ACPI: PCI Interrupt Link [LK01] (IRQs 3 4 5 6 7 10 11 *14 15)
Feb 21 17:18:20 localhost kernel: ACPI: PCI Interrupt Link [LK02] (IRQs 3 4 5 6 7 10 *11 14 15)
Feb 21 17:18:20 localhost kernel: ACPI: PCI Interrupt Link [LK03] (IRQs 3 4 5 6 7 *10 11 14 15)
Feb 21 17:18:20 localhost kernel: ACPI: PCI Interrupt Link [LK04] (IRQs 3 4 *5 6 7 10 11 14 15)
Feb 21 17:18:20 localhost kernel: ACPI: PCI Interrupt Link [LK05] (IRQs 3 4 5 *6 7 10 11 14 15)
Feb 21 17:18:20 localhost kernel: ACPI: PCI Interrupt Link [LK06] (IRQs 3 4 5 6 7 10 11 14 15) *0, disabled.
Feb 21 17:18:20 localhost kernel: ACPI: PCI Interrupt Link [LK07] (IRQs 3 4 5 6 7 10 11 *14 15)
Feb 21 17:18:20 localhost kernel: vgaarb: device added: PCI:0000:07:03.0,decodes=io+mem,owns=io+mem,locks=none
Feb 21 17:18:20 localhost kernel: vgaarb: loaded
Feb 21 17:18:20 localhost kernel: vgaarb: bridge control possible 0000:07:03.0
Feb 21 17:18:20 localhost kernel: SCSI subsystem initialized
Feb 21 17:18:20 localhost kernel: usbcore: registered new interface driver usbfs
Feb 21 17:18:20 localhost kernel: usbcore: registered new interface driver hub
Feb 21 17:18:20 localhost kernel: usbcore: registered new device driver usb
Feb 21 17:18:20 localhost kernel: PCI: Using ACPI for IRQ routing
Feb 21 17:18:20 localhost kernel: NetLabel: Initializing
Feb 21 17:18:20 localhost kernel: NetLabel:  domain hash size = 128
Feb 21 17:18:20 localhost kernel: NetLabel:  protocols = UNLABELED CIPSOv4
Feb 21 17:18:20 localhost kernel: NetLabel:  unlabeled traffic allowed by default
Feb 21 17:18:20 localhost kernel: hpet0: at MMIO 0xfed00000, IRQs 2, 8, 0, 0
Feb 21 17:18:20 localhost kernel: hpet0: 4 comparators, 64-bit 14.318180 MHz counter
Feb 21 17:18:20 localhost kernel: Switching to clocksource tsc
Feb 21 17:18:20 localhost kernel: pnp: PnP ACPI init
Feb 21 17:18:20 localhost kernel: ACPI: bus type pnp registered
Feb 21 17:18:20 localhost kernel: pnp: PnP ACPI: found 12 devices
Feb 21 17:18:20 localhost kernel: ACPI: ACPI bus type pnp unregistered
Feb 21 17:18:20 localhost kernel: system 00:07: ioport range 0x800-0x87f has been reserved
Feb 21 17:18:20 localhost kernel: system 00:07: ioport range 0x880-0x8ff could not be reserved
Feb 21 17:18:20 localhost kernel: system 00:07: ioport range 0x900-0x91f has been reserved
Feb 21 17:18:20 localhost kernel: system 00:07: ioport range 0x920-0x923 has been reserved
Feb 21 17:18:20 localhost kernel: system 00:07: ioport range 0x924-0x924 has been reserved
Feb 21 17:18:20 localhost kernel: system 00:07: ioport range 0xc00-0xc7f has been reserved
Feb 21 17:18:20 localhost kernel: system 00:07: ioport range 0xca0-0xca7 has been reserved
Feb 21 17:18:20 localhost kernel: system 00:07: ioport range 0xca9-0xcab has been reserved
Feb 21 17:18:20 localhost kernel: system 00:07: ioport range 0xcad-0xcaf has been reserved
Feb 21 17:18:20 localhost kernel: system 00:08: ioport range 0xca8-0xca8 has been reserved
Feb 21 17:18:20 localhost kernel: system 00:08: ioport range 0xcac-0xcac has been reserved
Feb 21 17:18:20 localhost kernel: system 00:09: iomem range 0xe0000000-0xefffffff has been reserved
Feb 21 17:18:20 localhost kernel: system 00:0b: iomem range 0xfed90000-0xfed91fff has been reserved
Feb 21 17:18:20 localhost kernel: pci 0000:00:01.0: PCI bridge to [bus 01-01]
Feb 21 17:18:20 localhost kernel: pci 0000:00:01.0: PCI bridge, secondary bus 0000:01
Feb 21 17:18:20 localhost kernel: pci 0000:00:01.0:   bridge window [io  disabled]
Feb 21 17:18:20 localhost kernel: pci 0000:00:01.0:   bridge window [0xda000000-0xddffffff]
Feb 21 17:18:20 localhost kernel: pci 0000:00:01.0:   bridge window [mem pref disabled]
Feb 21 17:18:20 localhost kernel: pci 0000:00:03.0: PCI bridge to [bus 05-05]
Feb 21 17:18:20 localhost kernel: pci 0000:00:03.0: PCI bridge, secondary bus 0000:05
Feb 21 17:18:20 localhost kernel: pci 0000:00:03.0:   bridge window [io  disabled]
Feb 21 17:18:20 localhost kernel: pci 0000:00:03.0:   bridge window [mem disabled]
Feb 21 17:18:20 localhost kernel: pci 0000:00:03.0:   bridge window [mem pref disabled]
Feb 21 17:18:20 localhost kernel: pci 0000:00:07.0: PCI bridge to [bus 06-06]
Feb 21 17:18:20 localhost kernel: pci 0000:00:07.0: PCI bridge, secondary bus 0000:06
Feb 21 17:18:20 localhost kernel: pci 0000:00:07.0:   bridge window [io  disabled]
Feb 21 17:18:20 localhost kernel: pci 0000:00:07.0:   bridge window [mem disabled]
Feb 21 17:18:20 localhost kernel: pci 0000:00:07.0:   bridge window [mem pref disabled]
Feb 21 17:18:20 localhost kernel: pci 0000:00:09.0: PCI bridge to [bus 03-03]
Feb 21 17:18:20 localhost kernel: pci 0000:00:09.0: PCI bridge, secondary bus 0000:03
Feb 21 17:18:20 localhost kernel: pci 0000:00:09.0:   bridge window [io  disabled]
Feb 21 17:18:20 localhost kernel: pci 0000:00:09.0:   bridge window [mem disabled]
Feb 21 17:18:20 localhost kernel: pci 0000:00:09.0:   bridge window [mem pref disabled]
Feb 21 17:18:20 localhost kernel: pci 0000:00:0a.0: PCI bridge to [bus 02-02]
Feb 21 17:18:20 localhost kernel: pci 0000:00:0a.0: PCI bridge, secondary bus 0000:02
Feb 21 17:18:20 localhost kernel: pci 0000:00:0a.0:   bridge window [io  disabled]
Feb 21 17:18:20 localhost kernel: pci 0000:00:0a.0:   bridge window [mem disabled]
Feb 21 17:18:20 localhost kernel: pci 0000:00:0a.0:   bridge window [mem pref disabled]
Feb 21 17:18:20 localhost kernel: pci 0000:00:1c.0: PCI bridge to [bus 04-04]
Feb 21 17:18:20 localhost kernel: pci 0000:00:1c.0: PCI bridge, secondary bus 0000:04
Feb 21 17:18:20 localhost kernel: pci 0000:00:1c.0:   bridge window [0x1000-0x1fff]
Feb 21 17:18:20 localhost kernel: pci 0000:00:1c.0:   bridge window [0xd0000000-0xd01fffff]
Feb 21 17:18:20 localhost kernel: pci 0000:00:1c.0:   bridge window [0xd0200000-0xd03fffff]
Feb 21 17:18:20 localhost kernel: pci 0000:00:1e.0: PCI bridge to [bus 07-07]
Feb 21 17:18:20 localhost kernel: pci 0000:00:1e.0: PCI bridge, secondary bus 0000:07
Feb 21 17:18:20 localhost kernel: pci 0000:00:1e.0:   bridge window [io  disabled]
Feb 21 17:18:20 localhost kernel: pci 0000:00:1e.0:   bridge window [0xde000000-0xdeffffff]
Feb 21 17:18:20 localhost kernel: pci 0000:00:1e.0:   bridge window [0xd9800000-0xd9ffffff]
Feb 21 17:18:20 localhost kernel: pci 0000:00:01.0: PCI INT A -> GSI 53 (level, low) -> IRQ 53
Feb 21 17:18:20 localhost kernel: pci 0000:00:03.0: PCI INT A -> GSI 53 (level, low) -> IRQ 53
Feb 21 17:18:20 localhost kernel: pci 0000:00:07.0: PCI INT A -> GSI 53 (level, low) -> IRQ 53
Feb 21 17:18:20 localhost kernel: pci 0000:00:09.0: PCI INT A -> GSI 53 (level, low) -> IRQ 53
Feb 21 17:18:20 localhost kernel: pci 0000:00:0a.0: PCI INT A -> GSI 53 (level, low) -> IRQ 53
Feb 21 17:18:20 localhost kernel: pci 0000:00:1c.0: PCI INT A -> GSI 16 (level, low) -> IRQ 16
Feb 21 17:18:20 localhost kernel: NET: Registered protocol family 2
Feb 21 17:18:20 localhost kernel: IP route cache hash table entries: 131072 (order: 8, 1048576 bytes)
Feb 21 17:18:20 localhost kernel: TCP established hash table entries: 524288 (order: 11, 8388608 bytes)
Feb 21 17:18:20 localhost kernel: TCP bind hash table entries: 65536 (order: 8, 1048576 bytes)
Feb 21 17:18:20 localhost kernel: TCP: Hash tables configured (established 524288 bind 65536)
Feb 21 17:18:20 localhost kernel: TCP reno registered
Feb 21 17:18:20 localhost kernel: NET: Registered protocol family 1
Feb 21 17:18:20 localhost kernel: Trying to unpack rootfs image as initramfs...
Feb 21 17:18:20 localhost kernel: Freeing initrd memory: 14181k freed
Feb 21 17:18:20 localhost kernel: DMAR: Device scope device [0000:00:1a.02] not found
Feb 21 17:18:20 localhost kernel: DMAR: Device scope device [0000:00:1a.02] not found
Feb 21 17:18:20 localhost kernel: audit: initializing netlink socket (disabled)
Feb 21 17:18:20 localhost kernel: type=2000 audit(1361438292.602:1): initialized
Feb 21 17:18:20 localhost kernel: HugeTLB registered 2 MB page size, pre-allocated 0 pages
Feb 21 17:18:20 localhost kernel: VFS: Disk quotas dquot_6.5.2
Feb 21 17:18:20 localhost kernel: Dquot-cache hash table entries: 512 (order 0, 4096 bytes)
Feb 21 17:18:20 localhost kernel: msgmni has been set to 7622
Feb 21 17:18:20 localhost kernel: alg: No test for stdrng (krng)
Feb 21 17:18:20 localhost kernel: ksign: Installing public key data
Feb 21 17:18:20 localhost kernel: Loading keyring
Feb 21 17:18:20 localhost kernel: - Added public key 3A25C209CBB1D210
Feb 21 17:18:20 localhost kernel: - User ID: CentOS (Kernel Module GPG key)
Feb 21 17:18:20 localhost kernel: Block layer SCSI generic (bsg) driver version 0.4 loaded (major 252)
Feb 21 17:18:20 localhost kernel: io scheduler noop registered
Feb 21 17:18:20 localhost kernel: io scheduler anticipatory registered
Feb 21 17:18:20 localhost kernel: io scheduler deadline registered
Feb 21 17:18:20 localhost kernel: io scheduler cfq registered (default)
Feb 21 17:18:20 localhost kernel: pci_hotplug: PCI Hot Plug PCI Core version: 0.5
Feb 21 17:18:20 localhost kernel: pciehp 0000:00:1c.0:pcieffffffc4: HPC vendor_id 8086 device_id 3a40 ss_vid 0 ss_did 0
Feb 21 17:18:20 localhost kernel: pciehp: PCI Express Hot Plug Controller Driver version: 0.4
Feb 21 17:18:20 localhost kernel: acpiphp: ACPI Hot Plug PCI Controller Driver version: 0.5
Feb 21 17:18:20 localhost kernel: input: Power Button as /devices/LNXSYSTM:00/LNXPWRBN:00/input/input0
Feb 21 17:18:20 localhost kernel: ACPI: Power Button [PWRF]
Feb 21 17:18:20 localhost kernel: processor LNXCPU:00: registered as cooling_device0
Feb 21 17:18:20 localhost kernel: processor LNXCPU:01: registered as cooling_device1
Feb 21 17:18:20 localhost kernel: processor LNXCPU:02: registered as cooling_device2
Feb 21 17:18:20 localhost kernel: processor LNXCPU:03: registered as cooling_device3
Feb 21 17:18:20 localhost kernel: ERST: Could not register with persistent store
Feb 21 17:18:20 localhost kernel: ERST: Error Record Serialization Table (ERST) support is initialized.
Feb 21 17:18:20 localhost kernel: GHES: APEI firmware first mode is enabled by APEI bit and WHEA _OSC.
Feb 21 17:18:20 localhost kernel: Non-volatile memory driver v1.3
Feb 21 17:18:20 localhost kernel: Linux agpgart interface v0.103
Feb 21 17:18:20 localhost kernel: crash memory driver: version 1.1
Feb 21 17:18:20 localhost kernel: Serial: 8250/16550 driver, 4 ports, IRQ sharing enabled
Feb 21 17:18:20 localhost kernel: serial8250: ttyS0 at I/O 0x3f8 (irq = 4) is a 16550A
Feb 21 17:18:20 localhost kernel: serial8250: ttyS1 at I/O 0x2f8 (irq = 3) is a 16550A
Feb 21 17:18:20 localhost kernel: 00:05: ttyS0 at I/O 0x3f8 (irq = 4) is a 16550A
Feb 21 17:18:20 localhost kernel: 00:06: ttyS1 at I/O 0x2f8 (irq = 3) is a 16550A
Feb 21 17:18:20 localhost kernel: brd: module loaded
Feb 21 17:18:20 localhost kernel: loop: module loaded
Feb 21 17:18:20 localhost kernel: input: Macintosh mouse button emulation as /devices/virtual/input/input1
Feb 21 17:18:20 localhost kernel: Fixed MDIO Bus: probed
Feb 21 17:18:20 localhost kernel: ehci_hcd: USB 2.0 'Enhanced' Host Controller (EHCI) Driver
Feb 21 17:18:20 localhost kernel: ehci_hcd 0000:00:1a.7: PCI INT C -> GSI 19 (level, low) -> IRQ 19
Feb 21 17:18:20 localhost kernel: ehci_hcd 0000:00:1a.7: EHCI Host Controller
Feb 21 17:18:20 localhost kernel: ehci_hcd 0000:00:1a.7: new USB bus registered, assigned bus number 1
Feb 21 17:18:20 localhost kernel: ehci_hcd 0000:00:1a.7: debug port 1
Feb 21 17:18:20 localhost kernel: ehci_hcd 0000:00:1a.7: irq 19, io mem 0xdf0fd000
Feb 21 17:18:20 localhost kernel: ehci_hcd 0000:00:1a.7: USB 2.0 started, EHCI 1.00
Feb 21 17:18:20 localhost kernel: usb usb1: New USB device found, idVendor=1d6b, idProduct=0002
Feb 21 17:18:20 localhost kernel: usb usb1: New USB device strings: Mfr=3, Product=2, SerialNumber=1
Feb 21 17:18:20 localhost kernel: usb usb1: Product: EHCI Host Controller
Feb 21 17:18:20 localhost kernel: usb usb1: Manufacturer: Linux 2.6.32-220.el6.x86_64 ehci_hcd
Feb 21 17:18:20 localhost kernel: usb usb1: SerialNumber: 0000:00:1a.7
Feb 21 17:18:20 localhost kernel: usb usb1: configuration #1 chosen from 1 choice
Feb 21 17:18:20 localhost kernel: hub 1-0:1.0: USB hub found
Feb 21 17:18:20 localhost kernel: hub 1-0:1.0: 4 ports detected
Feb 21 17:18:20 localhost kernel: ehci_hcd 0000:00:1d.7: PCI INT A -> GSI 21 (level, low) -> IRQ 21
Feb 21 17:18:20 localhost kernel: ehci_hcd 0000:00:1d.7: EHCI Host Controller
Feb 21 17:18:20 localhost kernel: ehci_hcd 0000:00:1d.7: new USB bus registered, assigned bus number 2
Feb 21 17:18:20 localhost kernel: ehci_hcd 0000:00:1d.7: debug port 1
Feb 21 17:18:20 localhost kernel: ehci_hcd 0000:00:1d.7: irq 21, io mem 0xdf0fe000
Feb 21 17:18:20 localhost kernel: ehci_hcd 0000:00:1d.7: USB 2.0 started, EHCI 1.00
Feb 21 17:18:20 localhost kernel: usb usb2: New USB device found, idVendor=1d6b, idProduct=0002
Feb 21 17:18:20 localhost kernel: usb usb2: New USB device strings: Mfr=3, Product=2, SerialNumber=1
Feb 21 17:18:20 localhost kernel: usb usb2: Product: EHCI Host Controller
Feb 21 17:18:20 localhost kernel: usb usb2: Manufacturer: Linux 2.6.32-220.el6.x86_64 ehci_hcd
Feb 21 17:18:20 localhost kernel: usb usb2: SerialNumber: 0000:00:1d.7
Feb 21 17:18:20 localhost kernel: usb usb2: configuration #1 chosen from 1 choice
Feb 21 17:18:20 localhost kernel: hub 2-0:1.0: USB hub found
Feb 21 17:18:20 localhost kernel: hub 2-0:1.0: 8 ports detected
Feb 21 17:18:20 localhost kernel: ohci_hcd: USB 1.1 'Open' Host Controller (OHCI) Driver
Feb 21 17:18:20 localhost kernel: uhci_hcd: USB Universal Host Controller Interface driver
Feb 21 17:18:20 localhost kernel: uhci_hcd 0000:00:1a.0: PCI INT A -> GSI 17 (level, low) -> IRQ 17
Feb 21 17:18:20 localhost kernel: uhci_hcd 0000:00:1a.0: UHCI Host Controller
Feb 21 17:18:20 localhost kernel: uhci_hcd 0000:00:1a.0: new USB bus registered, assigned bus number 3
Feb 21 17:18:20 localhost kernel: uhci_hcd 0000:00:1a.0: irq 17, io base 0x0000fc20
Feb 21 17:18:20 localhost kernel: usb usb3: New USB device found, idVendor=1d6b, idProduct=0001
Feb 21 17:18:20 localhost kernel: usb usb3: New USB device strings: Mfr=3, Product=2, SerialNumber=1
Feb 21 17:18:20 localhost kernel: usb usb3: Product: UHCI Host Controller
Feb 21 17:18:20 localhost kernel: usb usb3: Manufacturer: Linux 2.6.32-220.el6.x86_64 uhci_hcd
Feb 21 17:18:20 localhost kernel: usb usb3: SerialNumber: 0000:00:1a.0
Feb 21 17:18:20 localhost kernel: usb usb3: configuration #1 chosen from 1 choice
Feb 21 17:18:20 localhost kernel: hub 3-0:1.0: USB hub found
Feb 21 17:18:20 localhost kernel: hub 3-0:1.0: 2 ports detected
Feb 21 17:18:20 localhost kernel: uhci_hcd 0000:00:1a.1: PCI INT B -> GSI 18 (level, low) -> IRQ 18
Feb 21 17:18:20 localhost kernel: uhci_hcd 0000:00:1a.1: UHCI Host Controller
Feb 21 17:18:20 localhost kernel: uhci_hcd 0000:00:1a.1: new USB bus registered, assigned bus number 4
Feb 21 17:18:20 localhost kernel: uhci_hcd 0000:00:1a.1: irq 18, io base 0x0000fc40
Feb 21 17:18:20 localhost kernel: usb usb4: New USB device found, idVendor=1d6b, idProduct=0001
Feb 21 17:18:20 localhost kernel: usb usb4: New USB device strings: Mfr=3, Product=2, SerialNumber=1
Feb 21 17:18:20 localhost kernel: usb usb4: Product: UHCI Host Controller
Feb 21 17:18:20 localhost kernel: usb usb4: Manufacturer: Linux 2.6.32-220.el6.x86_64 uhci_hcd
Feb 21 17:18:20 localhost kernel: usb usb4: SerialNumber: 0000:00:1a.1
Feb 21 17:18:20 localhost kernel: usb usb4: configuration #1 chosen from 1 choice
Feb 21 17:18:20 localhost kernel: hub 4-0:1.0: USB hub found
Feb 21 17:18:20 localhost kernel: hub 4-0:1.0: 2 ports detected
Feb 21 17:18:20 localhost kernel: uhci_hcd 0000:00:1d.0: PCI INT A -> GSI 21 (level, low) -> IRQ 21
Feb 21 17:18:20 localhost kernel: uhci_hcd 0000:00:1d.0: UHCI Host Controller
Feb 21 17:18:20 localhost kernel: uhci_hcd 0000:00:1d.0: new USB bus registered, assigned bus number 5
Feb 21 17:18:20 localhost kernel: uhci_hcd 0000:00:1d.0: irq 21, io base 0x0000fc60
